Archive member included to satisfy reference by file (symbol)

app/libapp.a(main.c.obj)      (--whole-archive)
zephyr/libzephyr.a(heap.c.obj)
                              (--whole-archive)
zephyr/libzephyr.a(cbprintf_packaged.c.obj)
                              (--whole-archive)
zephyr/libzephyr.a(printk.c.obj)
                              (--whole-archive)
zephyr/libzephyr.a(sem.c.obj)
                              (--whole-archive)
zephyr/libzephyr.a(thread_entry.c.obj)
                              (--whole-archive)
zephyr/libzephyr.a(cbprintf_complete.c.obj)
                              (--whole-archive)
zephyr/libzephyr.a(assert.c.obj)
                              (--whole-archive)
zephyr/libzephyr.a(dec.c.obj)
                              (--whole-archive)
zephyr/libzephyr.a(hex.c.obj)
                              (--whole-archive)
zephyr/libzephyr.a(rb.c.obj)  (--whole-archive)
zephyr/libzephyr.a(timeutil.c.obj)
                              (--whole-archive)
zephyr/libzephyr.a(bitarray.c.obj)
                              (--whole-archive)
zephyr/libzephyr.a(configs.c.obj)
                              (--whole-archive)
zephyr/libzephyr.a(stm32cube_hal.c.obj)
                              (--whole-archive)
zephyr/libzephyr.a(soc_config.c.obj)
                              (--whole-archive)
zephyr/libzephyr.a(soc.c.obj)
                              (--whole-archive)
zephyr/libzephyr.a(mem_attr.c.obj)
                              (--whole-archive)
zephyr/libzephyr.a(tracing_none.c.obj)
                              (--whole-archive)
zephyr/libzephyr.a(lsm9ds1_reg.c.obj)
                              (--whole-archive)
zephyr/arch/common/libarch__common.a(sw_isr_common.c.obj)
                              (--whole-archive)
zephyr/arch/arch/arm/core/libarch__arm__core.a(fatal.c.obj)
                              (--whole-archive)
zephyr/arch/arch/arm/core/libarch__arm__core.a(nmi.c.obj)
                              (--whole-archive)
zephyr/arch/arch/arm/core/libarch__arm__core.a(nmi_on_reset.S.obj)
                              (--whole-archive)
zephyr/arch/arch/arm/core/libarch__arm__core.a(tls.c.obj)
                              (--whole-archive)
zephyr/arch/arch/arm/core/cortex_m/libarch__arm__core__cortex_m.a(exc_exit.c.obj)
                              (--whole-archive)
zephyr/arch/arch/arm/core/cortex_m/libarch__arm__core__cortex_m.a(fault.c.obj)
                              (--whole-archive)
zephyr/arch/arch/arm/core/cortex_m/libarch__arm__core__cortex_m.a(fault_s.S.obj)
                              (--whole-archive)
zephyr/arch/arch/arm/core/cortex_m/libarch__arm__core__cortex_m.a(fpu.c.obj)
                              (--whole-archive)
zephyr/arch/arch/arm/core/cortex_m/libarch__arm__core__cortex_m.a(reset.S.obj)
                              (--whole-archive)
zephyr/arch/arch/arm/core/cortex_m/libarch__arm__core__cortex_m.a(scb.c.obj)
                              (--whole-archive)
zephyr/arch/arch/arm/core/cortex_m/libarch__arm__core__cortex_m.a(thread_abort.c.obj)
                              (--whole-archive)
zephyr/arch/arch/arm/core/cortex_m/libarch__arm__core__cortex_m.a(vector_table.S.obj)
                              (--whole-archive)
zephyr/arch/arch/arm/core/cortex_m/libarch__arm__core__cortex_m.a(swap.c.obj)
                              (--whole-archive)
zephyr/arch/arch/arm/core/cortex_m/libarch__arm__core__cortex_m.a(swap_helper.S.obj)
                              (--whole-archive)
zephyr/arch/arch/arm/core/cortex_m/libarch__arm__core__cortex_m.a(irq_manage.c.obj)
                              (--whole-archive)
zephyr/arch/arch/arm/core/cortex_m/libarch__arm__core__cortex_m.a(prep_c.c.obj)
                              (--whole-archive)
zephyr/arch/arch/arm/core/cortex_m/libarch__arm__core__cortex_m.a(thread.c.obj)
                              (--whole-archive)
zephyr/arch/arch/arm/core/cortex_m/libarch__arm__core__cortex_m.a(cpu_idle.c.obj)
                              (--whole-archive)
zephyr/arch/arch/arm/core/cortex_m/libarch__arm__core__cortex_m.a(irq_init.c.obj)
                              (--whole-archive)
zephyr/arch/arch/arm/core/cortex_m/libarch__arm__core__cortex_m.a(isr_wrapper.c.obj)
                              (--whole-archive)
zephyr/arch/arch/arm/core/cortex_m/libarch__arm__core__cortex_m.a(__aeabi_read_tp.S.obj)
                              (--whole-archive)
zephyr/arch/arch/arm/core/mpu/libarch__arm__core__mpu.a(arm_core_mpu.c.obj)
                              (--whole-archive)
zephyr/arch/arch/arm/core/mpu/libarch__arm__core__mpu.a(arm_mpu.c.obj)
                              (--whole-archive)
zephyr/arch/arch/arm/core/mpu/libarch__arm__core__mpu.a(arm_mpu_regions.c.obj)
                              (--whole-archive)
zephyr/lib/libc/picolibc/liblib__libc__picolibc.a(libc-hooks.c.obj)
                              (--whole-archive)
zephyr/lib/libc/common/liblib__libc__common.a(abort.c.obj)
[...]
Memory Configuration

Name             Origin             Length             Attributes
FLASH            0x0000000008000000 0x0000000000100000 xr
RAM              0x0000000020000000 0x0000000000050000 xw
IDT_LIST         0x00000000ffff7fff 0x0000000000008000 xw
*default*        0x0000000000000000 0xffffffffffffffff

Linker script and memory map

                0x0000000008003814                vfprintf = __l_vfprintf
                0x0000000000000000                vfscanf = __l_vfscanf
LOAD zephyr/CMakeFiles/zephyr_pre0.dir/misc/empty_file.c.obj
LOAD zephyr/CMakeFiles/offsets.dir/./arch/arm/core/offsets/offsets.c.obj
LOAD app/libapp.a
LOAD zephyr/libzephyr.a
LOAD zephyr/arch/common/libarch__common.a
LOAD zephyr/arch/arch/arm/core/libarch__arm__core.a
LOAD zephyr/arch/arch/arm/core/cortex_m/libarch__arm__core__cortex_m.a
LOAD zephyr/arch/arch/arm/core/mpu/libarch__arm__core__mpu.a
LOAD zephyr/lib/libc/picolibc/liblib__libc__picolibc.a
LOAD zephyr/lib/libc/common/liblib__libc__common.a
LOAD zephyr/drivers/interrupt_controller/libdrivers__interrupt_controller.a
LOAD zephyr/drivers/clock_control/libdrivers__clock_control.a
LOAD zephyr/drivers/console/libdrivers__console.a
LOAD zephyr/drivers/gpio/libdrivers__gpio.a
LOAD zephyr/drivers/i2c/libdrivers__i2c.a
LOAD zephyr/drivers/pinctrl/libdrivers__pinctrl.a
LOAD zephyr/drivers/reset/libdrivers__reset.a
LOAD zephyr/drivers/sensor/st/stmemsc/libdrivers__sensor__st__stmemsc.a
LOAD zephyr/drivers/sensor/st/lsm9ds1/libdrivers__sensor__st__lsm9ds1.a
LOAD zephyr/drivers/serial/libdrivers__serial.a
LOAD zephyr/drivers/timer/libdrivers__timer.a
LOAD modules/stm32/stm32cube/lib..__modules__hal__stm32__stm32cube.a
LOAD zephyr/kernel/libkernel.a
LOAD /home/golden-devadhas/zephyr-sdk-0.16.5-1/arm-zephyr-eabi/bin/../lib/gcc/arm-zephyr-eabi/12.2.0/thumb/v7e-m/nofp/libgcc.a
LOAD zephyr/arch/common/libisr_tables.a
LOAD /home/golden-devadhas/zephyr-sdk-0.16.5-1/arm-zephyr-eabi/bin/../lib/gcc/../../picolibc/arm-zephyr-eabi/lib/thumb/v7e-m/nofp/libc.a
LOAD /home/golden-devadhas/zephyr-sdk-0.16.5-1/arm-zephyr-eabi/bin/../lib/gcc/arm-zephyr-eabi/12.2.0/thumb/v7e-m/nofp/libgcc.a
                0x0000000000000020                _region_min_align = 0x20

.rel.plt        0x0000000008000000        0x0
 *(SORT_BY_ALIGNMENT(.rel.plt))
                [!provide]                        PROVIDE (__rel_iplt_start = .)
 *(SORT_BY_ALIGNMENT(.rel.iplt))
 .rel.iplt      0x0000000008000000        0x0 app/libapp.a(main.c.obj)
                [!provide]                        PROVIDE (__rel_iplt_end = .)

.rela.plt       0x0000000000000000        0x0
 *(SORT_BY_ALIGNMENT(.rela.plt))
                [!provide]                        PROVIDE (__rela_iplt_start = .)
 *(SORT_BY_ALIGNMENT(.rela.iplt))
                [!provide]                        PROVIDE (__rela_iplt_end = .)

.rel.dyn
 *(SORT_BY_ALIGNMENT(.rel.*))

.rela.dyn
 *(SORT_BY_ALIGNMENT(.rela.*))

/DISCARD/
 *(SORT_BY_ALIGNMENT(.plt))

/DISCARD/
 *(SORT_BY_ALIGNMENT(.iplt))
                0x0000000008000000                __rom_region_start = 0x8000000

rom_start       0x0000000008000000      0x1ac
                0x0000000008000000                __rom_start_address = .
 FILL mask 0x00
                0x0000000008000000                . = (. + (0x0 - (. - __rom_start_address)))
                0x0000000008000000                . = ALIGN (0x4)
                0x0000000008000000                . = ALIGN (0x80)
                0x0000000008000000                . = ALIGN (0x200)
                0x0000000008000000                _vector_start = .
 *(SORT_BY_ALIGNMENT(.exc_vector_table))
 *(SORT_BY_ALIGNMENT(.exc_vector_table.*))
 .exc_vector_table._vector_table_section
                0x0000000008000000       0x40 zephyr/arch/arch/arm/core/cortex_m/libarch__arm__core__cortex_m.a(vector_table.S.obj)
                0x0000000008000000                _vector_table
 *(SORT_BY_ALIGNMENT(.vectors))
                0x00000000080001ac                _vector_end = .
                0x0000000008000040                . = ALIGN (0x4)
 *(SORT_BY_ALIGNMENT(.gnu.linkonce.irq_vector_table*))
 .gnu.linkonce.irq_vector_table
                0x0000000008000040      0x16c zephyr/arch/common/libisr_tables.a(isr_tables.c.obj)
                0x0000000008000040                _irq_vector_table
                0x00000000080001ac                _vector_end = .

text            0x00000000080001b0     0x4fb8
                0x00000000080001b0                __text_region_start = .
 *(SORT_BY_ALIGNMENT(.text))
 .text          0x00000000080001b0      0x378 /home/golden-devadhas/zephyr-sdk-0.16.5-1/arm-zephyr-eabi/bin/../lib/gcc/arm-zephyr-eabi/12.2.0/thumb/v7e-m/nofp/libgcc.a(_arm_addsubdf3.o)
                0x00000000080001b0                __aeabi_drsub
                0x00000000080001b8                __aeabi_dsub
                0x00000000080001b8                __subdf3
                0x00000000080001bc                __adddf3
                0x00000000080001bc                __aeabi_dadd
                0x0000000008000434                __aeabi_ui2d
                0x0000000008000434                __floatunsidf
                0x0000000008000454                __floatsidf
                0x0000000008000454                __aeabi_i2d
                0x0000000008000478                __extendsfdf2
                0x0000000008000478                __aeabi_f2d
                0x00000000080004bc                __aeabi_ul2d
                0x00000000080004bc                __floatundidf
                0x00000000080004cc                __floatdidf
                0x00000000080004cc                __aeabi_l2d
 .text          0x0000000008000528      0x424 /home/golden-devadhas/zephyr-sdk-0.16.5-1/arm-zephyr-eabi/bin/../lib/gcc/arm-zephyr-eabi/12.2.0/thumb/v7e-m/nofp/libgcc.a(_arm_muldivdf3.o)
                0x0000000008000528                __aeabi_dmul
                0x0000000008000528                __muldf3
                0x000000000800077c                __aeabi_ddiv
                0x000000000800077c                __divdf3
 .text          0x000000000800094c       0xa0 /home/golden-devadhas/zephyr-sdk-0.16.5-1/arm-zephyr-eabi/bin/../lib/gcc/arm-zephyr-eabi/12.2.0/thumb/v7e-m/nofp/libgcc.a(_aeabi_ldivmod.o)
                0x000000000800094c                __aeabi_ldivmod
 .text          0x00000000080009ec       0x30 /home/golden-devadhas/zephyr-sdk-0.16.5-1/arm-zephyr-eabi/bin/../lib/gcc/arm-zephyr-eabi/12.2.0/thumb/v7e-m/nofp/libgcc.a(_aeabi_uldivmod.o)
                0x00000000080009ec                __aeabi_uldivmod
 .text          0x0000000008000a1c       0x3c /home/golden-devadhas/zephyr-sdk-0.16.5-1/arm-zephyr-eabi/bin/../lib/gcc/arm-zephyr-eabi/12.2.0/thumb/v7e-m/nofp/libgcc.a(_fixunsdfdi.o)
                0x0000000008000a1c                __aeabi_d2ulz
                0x0000000008000a1c                __fixunsdfdi
 .text          0x0000000008000a58        0x4 /home/golden-devadhas/zephyr-sdk-0.16.5-1/arm-zephyr-eabi/bin/../lib/gcc/arm-zephyr-eabi/12.2.0/thumb/v7e-m/nofp/libgcc.a(_dvmd_tls.o)
                0x0000000008000a58                __aeabi_ldiv0
                0x0000000008000a58                __aeabi_idiv0
 .text          0x0000000008000a5c      0x110 /home/golden-devadhas/zephyr-sdk-0.16.5-1/arm-zephyr-eabi/bin/../lib/gcc/arm-zephyr-eabi/12.2.0/thumb/v7e-m/nofp/libgcc.a(_arm_cmpdf2.o)
                0x0000000008000a5c                __gtdf2
                0x0000000008000a5c                __gedf2
                0x0000000008000a64                __ltdf2
                0x0000000008000a64                __ledf2
                0x0000000008000a6c                __cmpdf2
                0x0000000008000a6c                __eqdf2
                0x0000000008000a6c                __nedf2
                0x0000000008000ae8                __aeabi_cdrcmple
                0x0000000008000af8                __aeabi_cdcmple
                0x0000000008000af8                __aeabi_cdcmpeq
                0x0000000008000b08                __aeabi_dcmpeq
                0x0000000008000b1c                __aeabi_dcmplt
                0x0000000008000b30                __aeabi_dcmple
                0x0000000008000b44                __aeabi_dcmpge
                0x0000000008000b58                __aeabi_dcmpgt
 .text          0x0000000008000b6c       0x40 /home/golden-devadhas/zephyr-sdk-0.16.5-1/arm-zephyr-eabi/bin/../lib/gcc/arm-zephyr-eabi/12.2.0/thumb/v7e-m/nofp/libgcc.a(_arm_fixunsdfsi.o)
                0x0000000008000b6c                __fixunsdfsi
                0x0000000008000b6c                __aeabi_d2uiz
 .text          0x0000000008000bac       0x2e /home/golden-devadhas/zephyr-sdk-0.16.5-1/arm-zephyr-eabi/bin/../lib/gcc/arm-zephyr-eabi/12.2.0/thumb/v7e-m/nofp/libgcc.a(_fixdfdi.o)
                0x0000000008000bac                __aeabi_d2lz
                0x0000000008000bac                __fixdfdi
 .text          0x0000000008000bda      0x2a0 /home/golden-devadhas/zephyr-sdk-0.16.5-1/arm-zephyr-eabi/bin/../lib/gcc/arm-zephyr-eabi/12.2.0/thumb/v7e-m/nofp/libgcc.a(_udivmoddi4.o)
                0x0000000008000bda                __udivmoddi4
 .text          0x0000000008000e7a       0x14 /home/golden-devadhas/zephyr-sdk-0.16.5-1/arm-zephyr-eabi/bin/../lib/gcc/../../picolibc/arm-zephyr-eabi/lib/thumb/v7e-m/nofp/libc.a(strcmp.S.o)
                0x0000000008000e7a                strcmp
 *(SORT_BY_ALIGNMENT(.text.*))
 *fill*         0x0000000008000e8e        0x2 
 .text.main     0x0000000008000e90      0x178 app/libapp.a(main.c.obj)
                0x0000000008000e90                main
 .text.lsm9ds1_accel_convert
                0x0000000008001008       0x3c zephyr/drivers/sensor/st/lsm9ds1/libdrivers__sensor__st__lsm9ds1.a(lsm9ds1.c.obj)
 *fill*         0x0000000008001044        0x4 
 .text.lsm9ds1_gyro_convert
                0x0000000008001048       0x3c zephyr/drivers/sensor/st/lsm9ds1/libdrivers__sensor__st__lsm9ds1.a(lsm9ds1.c.obj)
 *fill*         0x0000000008001084        0x4 
 .text.lsm9ds1_attr_set
                0x0000000008001088      0x1dc zephyr/drivers/sensor/st/lsm9ds1/libdrivers__sensor__st__lsm9ds1.a(lsm9ds1.c.obj)
 .text.char_out
                0x0000000008001264        0xc zephyr/libzephyr.a(printk.c.obj)
 .text.vprintk  0x0000000008001270       0x30 zephyr/libzephyr.a(printk.c.obj)
                0x0000000008001270                vprintk
 .text.__printk_hook_install
                0x00000000080012a0        0xc zephyr/libzephyr.a(printk.c.obj)
                0x00000000080012a0                __printk_hook_install
 .text.z_thread_entry
                0x00000000080012ac       0x34 zephyr/libzephyr.a(thread_entry.c.obj)
                0x00000000080012ac                z_thread_entry
 .text.st_stm32_common_config
                0x00000000080012e0       0x14 zephyr/libzephyr.a(soc_config.c.obj)
 .text.stm32l4_init
                0x00000000080012f4       0x30 zephyr/libzephyr.a(soc.c.obj)
 .text.mem_attr_get_regions
                0x0000000008001324        0xc zephyr/libzephyr.a(mem_attr.c.obj)
                0x0000000008001324                mem_attr_get_regions
 .text.z_SysNmiOnReset
                0x0000000008001330        0x8 zephyr/arch/arch/arm/core/libarch__arm__core.a(nmi_on_reset.S.obj)
                0x0000000008001330                z_SysNmiOnReset
 .text.arch_tls_stack_setup
                0x0000000008001338       0x40 zephyr/arch/arch/arm/core/libarch__arm__core.a(tls.c.obj)
                0x0000000008001338                arch_tls_stack_setup
 .text._HandlerModeExit
                0x0000000008001378       0x28 zephyr/arch/arch/arm/core/cortex_m/libarch__arm__core__cortex_m.a(exc_exit.c.obj)
                0x0000000008001378                z_arm_exc_exit
                0x0000000008001378                z_arm_int_exit
 .text.mem_manage_fault
                0x00000000080013a0       0xa0 zephyr/arch/arch/arm/core/cortex_m/libarch__arm__core__cortex_m.a(fault.c.obj)
 .text.usage_fault.constprop.0
                0x0000000008001440       0x54 zephyr/arch/arch/arm/core/cortex_m/libarch__arm__core__cortex_m.a(fault.c.obj)
 .text.bus_fault.constprop.0
                0x0000000008001494       0x6c zephyr/arch/arch/arm/core/cortex_m/libarch__arm__core__cortex_m.a(fault.c.obj)
 .text.z_arm_fault
                0x0000000008001500      0x128 zephyr/arch/arch/arm/core/cortex_m/libarch__arm__core__cortex_m.a(fault.c.obj)
                0x0000000008001500                z_arm_fault
 .text.z_arm_fault_init
                0x0000000008001628       0x10 zephyr/arch/arch/arm/core/cortex_m/libarch__arm__core__cortex_m.a(fault.c.obj)
                0x0000000008001628                z_arm_fault_init
 .text.__fault  0x0000000008001638       0x14 zephyr/arch/arch/arm/core/cortex_m/libarch__arm__core__cortex_m.a(fault_s.S.obj)
                0x0000000008001638                z_arm_bus_fault
                0x0000000008001638                z_arm_usage_fault
                0x0000000008001638                z_arm_mpu_fault
                0x0000000008001638                z_arm_exc_spurious
                0x0000000008001638                z_arm_debug_monitor
                0x0000000008001638                z_arm_hard_fault
 .text._reset_section
                0x000000000800164c       0x2c zephyr/arch/arch/arm/core/cortex_m/libarch__arm__core__cortex_m.a(reset.S.obj)
                0x000000000800164c                z_arm_reset
                0x000000000800164c                __start
 .text.z_impl_k_thread_abort
                0x0000000008001678       0x2c zephyr/arch/arch/arm/core/cortex_m/libarch__arm__core__cortex_m.a(thread_abort.c.obj)
                0x0000000008001678                z_impl_k_thread_abort
 .text.arch_swap
                0x00000000080016a4       0x30 zephyr/arch/arch/arm/core/cortex_m/libarch__arm__core__cortex_m.a(swap.c.obj)
                0x00000000080016a4                arch_swap
 .text.z_arm_pendsv_c
                0x00000000080016d4       0x48 zephyr/arch/arch/arm/core/cortex_m/libarch__arm__core__cortex_m.a(swap.c.obj)
                0x00000000080016d4                z_arm_pendsv_c
 .text.z_arm_pendsv
                0x000000000800171c       0x34 zephyr/arch/arch/arm/core/cortex_m/libarch__arm__core__cortex_m.a(swap_helper.S.obj)
                0x000000000800171c                z_arm_pendsv
 .text.z_arm_svc
                0x0000000008001750       0x20 zephyr/arch/arch/arm/core/cortex_m/libarch__arm__core__cortex_m.a(swap_helper.S.obj)
                0x0000000008001750                z_arm_svc
 .text.arch_irq_enable
                0x0000000008001770       0x1c zephyr/arch/arch/arm/core/cortex_m/libarch__arm__core__cortex_m.a(irq_manage.c.obj)
                0x0000000008001770                arch_irq_enable
 .text.z_arm_irq_priority_set
                0x000000000800178c       0x30 zephyr/arch/arch/arm/core/cortex_m/libarch__arm__core__cortex_m.a(irq_manage.c.obj)
                0x000000000800178c                z_arm_irq_priority_set
 .text.z_prep_c
                0x00000000080017bc       0x48 zephyr/arch/arch/arm/core/cortex_m/libarch__arm__core__cortex_m.a(prep_c.c.obj)
                0x00000000080017bc                z_prep_c
 .text.arch_new_thread
                0x0000000008001804       0x38 zephyr/arch/arch/arm/core/cortex_m/libarch__arm__core__cortex_m.a(thread.c.obj)
                0x0000000008001804                arch_new_thread
 .text.z_check_thread_stack_fail
                0x000000000800183c       0x2c zephyr/arch/arch/arm/core/cortex_m/libarch__arm__core__cortex_m.a(thread.c.obj)
                0x000000000800183c                z_check_thread_stack_fail
 .text.arch_switch_to_main_thread
                0x0000000008001868       0x44 zephyr/arch/arch/arm/core/cortex_m/libarch__arm__core__cortex_m.a(thread.c.obj)
                0x0000000008001868                arch_switch_to_main_thread
 .text.z_arm_cpu_idle_init
                0x00000000080018ac        0xc zephyr/arch/arch/arm/core/cortex_m/libarch__arm__core__cortex_m.a(cpu_idle.c.obj)
                0x00000000080018ac                z_arm_cpu_idle_init
 .text.z_arm_interrupt_init
                0x00000000080018b8       0x18 zephyr/arch/arch/arm/core/cortex_m/libarch__arm__core__cortex_m.a(irq_init.c.obj)
                0x00000000080018b8                z_arm_interrupt_init
 .text._isr_wrapper
                0x00000000080018d0       0x24 zephyr/arch/arch/arm/core/cortex_m/libarch__arm__core__cortex_m.a(isr_wrapper.c.obj)
                0x00000000080018d0                _isr_wrapper
 .text.z_arm_configure_static_mpu_regions
                0x00000000080018f4       0x18 zephyr/arch/arch/arm/core/mpu/libarch__arm__core__mpu.a(arm_core_mpu.c.obj)
                0x00000000080018f4                z_arm_configure_static_mpu_regions
 .text.z_arm_configure_dynamic_mpu_regions
                0x000000000800190c       0x20 zephyr/arch/arch/arm/core/mpu/libarch__arm__core__mpu.a(arm_core_mpu.c.obj)
                0x000000000800190c                z_arm_configure_dynamic_mpu_regions
 .text.region_init
                0x000000000800192c       0x28 zephyr/arch/arch/arm/core/mpu/libarch__arm__core__mpu.a(arm_mpu.c.obj)
 .text.mpu_configure_regions
                0x0000000008001954       0x6c zephyr/arch/arch/arm/core/mpu/libarch__arm__core__mpu.a(arm_mpu.c.obj)
 .text.arm_core_mpu_enable
                0x00000000080019c0       0x18 zephyr/arch/arch/arm/core/mpu/libarch__arm__core__mpu.a(arm_mpu.c.obj)
                0x00000000080019c0                arm_core_mpu_enable
 .text.arm_core_mpu_disable
                0x00000000080019d8       0x14 zephyr/arch/arch/arm/core/mpu/libarch__arm__core__mpu.a(arm_mpu.c.obj)
                0x00000000080019d8                arm_core_mpu_disable
 .text.arm_core_mpu_configure_static_mpu_regions
                0x00000000080019ec       0x14 zephyr/arch/arch/arm/core/mpu/libarch__arm__core__mpu.a(arm_mpu.c.obj)
                0x00000000080019ec                arm_core_mpu_configure_static_mpu_regions
 .text.arm_core_mpu_configure_dynamic_mpu_regions
                0x0000000008001a00       0x38 zephyr/arch/arch/arm/core/mpu/libarch__arm__core__mpu.a(arm_mpu.c.obj)
                0x0000000008001a00                arm_core_mpu_configure_dynamic_mpu_regions
 .text.z_arm_mpu_init
                0x0000000008001a38      0x160 zephyr/arch/arch/arm/core/mpu/libarch__arm__core__mpu.a(arm_mpu.c.obj)
                0x0000000008001a38                z_arm_mpu_init
 .text.z_impl_zephyr_fputc
                0x0000000008001b98       0x10 zephyr/lib/libc/picolibc/liblib__libc__picolibc.a(libc-hooks.c.obj)
                0x0000000008001b98                z_impl_zephyr_fputc
 .text.__stdout_hook_install
                0x0000000008001ba8       0x18 zephyr/lib/libc/picolibc/liblib__libc__picolibc.a(libc-hooks.c.obj)
                0x0000000008001ba8                __stdout_hook_install
 .text.malloc_prepare
                0x0000000008001bc0       0x24 zephyr/lib/libc/common/liblib__libc__common.a(malloc.c.obj)
 .text.stm32_exti_isr
                0x0000000008001be4       0x4c zephyr/drivers/interrupt_controller/libdrivers__interrupt_controller.a(intc_exti_stm32.c.obj)
 .text.stm32_fill_irq_table
                0x0000000008001c30       0x18 zephyr/drivers/interrupt_controller/libdrivers__interrupt_controller.a(intc_exti_stm32.c.obj)
 .text.stm32_exti_enable
                0x0000000008001c48       0x24 zephyr/drivers/interrupt_controller/libdrivers__interrupt_controller.a(intc_exti_stm32.c.obj)
                0x0000000008001c48                stm32_exti_enable
 .text.stm32_exti_disable
                0x0000000008001c6c       0x18 zephyr/drivers/interrupt_controller/libdrivers__interrupt_controller.a(intc_exti_stm32.c.obj)
                0x0000000008001c6c                stm32_exti_disable
 .text.stm32_exti_trigger
                0x0000000008001c84       0x60 zephyr/drivers/interrupt_controller/libdrivers__interrupt_controller.a(intc_exti_stm32.c.obj)
                0x0000000008001c84                stm32_exti_trigger
 .text.stm32_exti_set_callback
                0x0000000008001ce4       0x30 zephyr/drivers/interrupt_controller/libdrivers__interrupt_controller.a(intc_exti_stm32.c.obj)
                0x0000000008001ce4                stm32_exti_set_callback
 .text.stm32_exti_unset_callback
                0x0000000008001d14       0x14 zephyr/drivers/interrupt_controller/libdrivers__interrupt_controller.a(intc_exti_stm32.c.obj)
                0x0000000008001d14                stm32_exti_unset_callback
 .text.LL_RCC_HSI_IsReady
                0x0000000008001d28       0x10 zephyr/drivers/clock_control/libdrivers__clock_control.a(clock_stm32_ll_common.c.obj)
 .text.stm32_clock_control_get_subsys_rate
                0x0000000008001d38       0x8c zephyr/drivers/clock_control/libdrivers__clock_control.a(clock_stm32_ll_common.c.obj)
 .text.stm32_clock_control_init
                0x0000000008001dc4      0x12c zephyr/drivers/clock_control/libdrivers__clock_control.a(clock_stm32_ll_common.c.obj)
                0x0000000008001dc4                stm32_clock_control_init
 .text.get_pllsrc_frequency
                0x0000000008001ef0        0x8 zephyr/drivers/clock_control/libdrivers__clock_control.a(clock_stm32l4_l5_wb_wl.c.obj)
                0x0000000008001ef0                get_pllsrc_frequency
 .text.config_pll_sysclock
                0x0000000008001ef8       0x24 zephyr/drivers/clock_control/libdrivers__clock_control.a(clock_stm32l4_l5_wb_wl.c.obj)
                0x0000000008001ef8                config_pll_sysclock
 .text.config_enable_default_clocks
                0x0000000008001f1c       0x20 zephyr/drivers/clock_control/libdrivers__clock_control.a(clock_stm32l4_l5_wb_wl.c.obj)
                0x0000000008001f1c                config_enable_default_clocks
 .text.uart_console_init
                0x0000000008001f3c       0x28 zephyr/drivers/console/libdrivers__console.a(uart_console.c.obj)
 .text.console_out
                0x0000000008001f64       0x28 zephyr/drivers/console/libdrivers__console.a(uart_console.c.obj)
 .text.gpio_stm32_init
                0x0000000008001f8c       0x3c zephyr/drivers/gpio/libdrivers__gpio.a(gpio_stm32.c.obj)
 .text.gpio_stm32_pin_interrupt_configure
                0x0000000008001fc8      0x108 zephyr/drivers/gpio/libdrivers__gpio.a(gpio_stm32.c.obj)
 .text.msg_init
                0x00000000080020d0       0x9c zephyr/drivers/i2c/libdrivers__i2c.a(i2c_ll_stm32_v2.c.obj)
 .text.stm32_i2c_configure_timing
                0x000000000800216c      0x130 zephyr/drivers/i2c/libdrivers__i2c.a(i2c_ll_stm32_v2.c.obj)
                0x000000000800216c                stm32_i2c_configure_timing
 .text.i2c_stm32_runtime_configure
                0x000000000800229c       0x74 zephyr/drivers/i2c/libdrivers__i2c.a(i2c_ll_stm32.c.obj)
                0x000000000800229c                i2c_stm32_runtime_configure
 .text.i2c_stm32_init
                0x0000000008002310       0xe8 zephyr/drivers/i2c/libdrivers__i2c.a(i2c_ll_stm32.c.obj)
 .text.pinctrl_configure_pins
                0x00000000080023f8       0x84 zephyr/drivers/pinctrl/libdrivers__pinctrl.a(pinctrl_stm32.c.obj)
                0x00000000080023f8                pinctrl_configure_pins
 .text.lsm9ds1_init
                0x000000000800247c       0xa4 zephyr/drivers/sensor/st/lsm9ds1/libdrivers__sensor__st__lsm9ds1.a(lsm9ds1.c.obj)
 .text.uart_stm32_cfg2ll_stopbits
                0x0000000008002520       0x38 zephyr/drivers/serial/libdrivers__serial.a(uart_stm32.c.obj)
 .text.uart_stm32_set_baudrate
                0x0000000008002558       0x6c zephyr/drivers/serial/libdrivers__serial.a(uart_stm32.c.obj)
 .text.uart_stm32_init
                0x00000000080025c4      0x148 zephyr/drivers/serial/libdrivers__serial.a(uart_stm32.c.obj)
 .text.uart_stm32_configure
                0x000000000800270c      0x100 zephyr/drivers/serial/libdrivers__serial.a(uart_stm32.c.obj)
 .text.elapsed  0x000000000800280c       0x4c zephyr/drivers/timer/libdrivers__timer.a(cortex_m_systick.c.obj)
 .text.sys_clock_driver_init
                0x0000000008002858       0x38 zephyr/drivers/timer/libdrivers__timer.a(cortex_m_systick.c.obj)
 .text.sys_clock_isr
                0x0000000008002890       0x54 zephyr/drivers/timer/libdrivers__timer.a(cortex_m_systick.c.obj)
                0x0000000008002890                sys_clock_isr
 .text.sys_clock_set_timeout
                0x00000000080028e4       0xf8 zephyr/drivers/timer/libdrivers__timer.a(cortex_m_systick.c.obj)
                0x00000000080028e4                sys_clock_set_timeout
 .text.sys_clock_elapsed
                0x00000000080029dc       0x3c zephyr/drivers/timer/libdrivers__timer.a(cortex_m_systick.c.obj)
                0x00000000080029dc                sys_clock_elapsed
 .text.sys_clock_cycle_get_32
                0x0000000008002a18       0x28 zephyr/drivers/timer/libdrivers__timer.a(cortex_m_systick.c.obj)
                0x0000000008002a18                sys_clock_cycle_get_32
 .text.HAL_RCC_GetSysClockFreq
                0x0000000008002a40       0x9c modules/stm32/stm32cube/lib..__modules__hal__stm32__stm32cube.a(stm32l4xx_hal_rcc.c.obj)
                0x0000000008002a40                HAL_RCC_GetSysClockFreq
 .text.LL_SetFlashLatency
                0x0000000008002adc       0xa8 modules/stm32/stm32cube/lib..__modules__hal__stm32__stm32cube.a(stm32l4xx_ll_utils.c.obj)
                0x0000000008002adc                LL_SetFlashLatency
 .text.z_impl_device_get_binding
                0x0000000008002b84       0x54 zephyr/kernel/libkernel.a(device.c.obj)
                0x0000000008002b84                z_impl_device_get_binding
 .text.z_fatal_error
                0x0000000008002bd8       0x30 zephyr/kernel/libkernel.a(fatal.c.obj)
                0x0000000008002bd8                z_fatal_error
 .text.z_sys_init_run_level
                0x0000000008002c08       0x2c zephyr/kernel/libkernel.a(init.c.obj)
 .text.bg_thread_main
                0x0000000008002c34       0xc0 zephyr/kernel/libkernel.a(init.c.obj)
 .text.z_bss_zero
                0x0000000008002cf4       0x18 zephyr/kernel/libkernel.a(init.c.obj)
                0x0000000008002cf4                z_bss_zero
 .text.z_init_cpu
                0x0000000008002d0c       0x70 zephyr/kernel/libkernel.a(init.c.obj)
                0x0000000008002d0c                z_init_cpu
 .text.z_cstart
                0x0000000008002d7c       0xd8 zephyr/kernel/libkernel.a(init.c.obj)
                0x0000000008002d7c                z_cstart
 .text.z_impl_k_sem_give
                0x0000000008002e54       0x48 zephyr/kernel/libkernel.a(sem.c.obj)
                0x0000000008002e54                z_impl_k_sem_give
 .text.z_impl_k_sem_take
                0x0000000008002e9c       0x4c zephyr/kernel/libkernel.a(sem.c.obj)
                0x0000000008002e9c                z_impl_k_sem_take
 .text.z_setup_new_thread
                0x0000000008002ee8       0x98 zephyr/kernel/libkernel.a(thread.c.obj)
                0x0000000008002ee8                z_setup_new_thread
 .text.update_cache
                0x0000000008002f80       0x3c zephyr/kernel/libkernel.a(sched.c.obj)
 .text.unready_thread
                0x0000000008002fbc       0x30 zephyr/kernel/libkernel.a(sched.c.obj)
 .text.ready_thread
                0x0000000008002fec       0x68 zephyr/kernel/libkernel.a(sched.c.obj)
 .text.z_thread_halt
                0x0000000008003054       0xdc zephyr/kernel/libkernel.a(sched.c.obj)
 .text.move_thread_to_end_of_prio_q
                0x0000000008003130       0x74 zephyr/kernel/libkernel.a(sched.c.obj)
                0x0000000008003130                move_thread_to_end_of_prio_q
 .text.z_pend_curr
                0x00000000080031a4       0x58 zephyr/kernel/libkernel.a(sched.c.obj)
                0x00000000080031a4                z_pend_curr
 .text.z_reschedule
                0x00000000080031fc       0x24 zephyr/kernel/libkernel.a(sched.c.obj)
                0x00000000080031fc                z_reschedule
 .text.z_sched_start
                0x0000000008003220       0x3c zephyr/kernel/libkernel.a(sched.c.obj)
                0x0000000008003220                z_sched_start
 .text.z_reschedule_irqlock
                0x000000000800325c       0x28 zephyr/kernel/libkernel.a(sched.c.obj)
                0x000000000800325c                z_reschedule_irqlock
 .text.k_sched_lock
                0x0000000008003284       0x28 zephyr/kernel/libkernel.a(sched.c.obj)
                0x0000000008003284                k_sched_lock
 .text.k_sched_unlock
                0x00000000080032ac       0x40 zephyr/kernel/libkernel.a(sched.c.obj)
                0x00000000080032ac                k_sched_unlock
 .text.z_sched_init
                0x00000000080032ec       0x10 zephyr/kernel/libkernel.a(sched.c.obj)
                0x00000000080032ec                z_sched_init
 .text.z_impl_k_yield
                0x00000000080032fc       0x7c zephyr/kernel/libkernel.a(sched.c.obj)
                0x00000000080032fc                z_impl_k_yield
 .text.z_tick_sleep
                0x0000000008003378       0x88 zephyr/kernel/libkernel.a(sched.c.obj)
 .text.z_impl_k_sleep
                0x0000000008003400       0x3c zephyr/kernel/libkernel.a(sched.c.obj)
                0x0000000008003400                z_impl_k_sleep
 .text.z_impl_k_sched_current_thread_query
                0x000000000800343c        0xc zephyr/kernel/libkernel.a(sched.c.obj)
                0x000000000800343c                z_impl_k_sched_current_thread_query
 .text.slice_timeout
                0x0000000008003448       0x20 zephyr/kernel/libkernel.a(timeslicing.c.obj)
 .text.thread_is_sliceable
                0x0000000008003468       0x3c zephyr/kernel/libkernel.a(timeslicing.c.obj)
                0x0000000008003468                thread_is_sliceable
 .text.z_reset_time_slice
                0x00000000080034a4       0x50 zephyr/kernel/libkernel.a(timeslicing.c.obj)
                0x00000000080034a4                z_reset_time_slice
 .text.z_time_slice
                0x00000000080034f4       0x60 zephyr/kernel/libkernel.a(timeslicing.c.obj)
                0x00000000080034f4                z_time_slice
 .text.z_data_copy
                0x0000000008003554       0x34 zephyr/kernel/libkernel.a(xip.c.obj)
                0x0000000008003554                z_data_copy
 .text.elapsed  0x0000000008003588       0x14 zephyr/kernel/libkernel.a(timeout.c.obj)
 .text.remove_timeout
                0x000000000800359c       0x38 zephyr/kernel/libkernel.a(timeout.c.obj)
 .text.next_timeout
                0x00000000080035d4       0x40 zephyr/kernel/libkernel.a(timeout.c.obj)
 .text.z_add_timeout
                0x0000000008003614       0xf4 zephyr/kernel/libkernel.a(timeout.c.obj)
                0x0000000008003614                z_add_timeout
 .text.sys_clock_announce
                0x0000000008003708       0xd0 zephyr/kernel/libkernel.a(timeout.c.obj)
                0x0000000008003708                sys_clock_announce
 .text.sys_clock_tick_get
                0x00000000080037d8       0x30 zephyr/kernel/libkernel.a(timeout.c.obj)
                0x00000000080037d8                sys_clock_tick_get
 .text.boot_banner
                0x0000000008003808        0xc zephyr/kernel/libkernel.a(banner.c.obj)
                0x0000000008003808                boot_banner
 .text.__l_vfprintf
                0x0000000008003814      0x4b8 /home/golden-devadhas/zephyr-sdk-0.16.5-1/arm-zephyr-eabi/bin/../lib/gcc/../../picolibc/arm-zephyr-eabi/lib/thumb/v7e-m/nofp/libc.a(libc_tinystdio_vflprintf.c.o)
                0x0000000008003814                __l_vfprintf
 .text._OffsetAbsSyms
                0x0000000008003ccc        0x2 zephyr/CMakeFiles/offsets.dir/./arch/arm/core/offsets/offsets.c.obj
                0x0000000008003ccc                _OffsetAbsSyms
 .text.chunk_field
                0x0000000008003cce       0x16 zephyr/libzephyr.a(heap.c.obj)
 .text.chunk_set
                0x0000000008003ce4       0x16 zephyr/libzephyr.a(heap.c.obj)
 .text.chunk_size
                0x0000000008003cfa        0xc zephyr/libzephyr.a(heap.c.obj)
 .text.set_chunk_used
                0x0000000008003d06       0x30 zephyr/libzephyr.a(heap.c.obj)
 .text.set_chunk_size
                0x0000000008003d36        0x8 zephyr/libzephyr.a(heap.c.obj)
 .text.bucket_idx.isra.0
                0x0000000008003d3e       0x1c zephyr/libzephyr.a(heap.c.obj)
 .text.free_list_add
                0x0000000008003d5a       0x84 zephyr/libzephyr.a(heap.c.obj)
 .text.sys_heap_init
                0x0000000008003dde       0xb0 zephyr/libzephyr.a(heap.c.obj)
                0x0000000008003dde                sys_heap_init
 .text.arch_printk_char_out
                0x0000000008003e8e        0x4 zephyr/libzephyr.a(printk.c.obj)
                0x0000000008003e8e                arch_printk_char_out
 .text.printk   0x0000000008003e92       0x1a zephyr/libzephyr.a(printk.c.obj)
                0x0000000008003e92                printk
 .text._ConfigAbsSyms
                0x0000000008003eac        0x2 zephyr/libzephyr.a(configs.c.obj)
                0x0000000008003eac                _ConfigAbsSyms
 .text.lsm9ds1_read_reg
                0x0000000008003eae        0xc zephyr/libzephyr.a(lsm9ds1_reg.c.obj)
                0x0000000008003eae                lsm9ds1_read_reg
 .text.lsm9ds1_write_reg
                0x0000000008003eba        0xc zephyr/libzephyr.a(lsm9ds1_reg.c.obj)
                0x0000000008003eba                lsm9ds1_write_reg
 .text.lsm9ds1_gy_full_scale_set
                0x0000000008003ec6       0x2e zephyr/libzephyr.a(lsm9ds1_reg.c.obj)
                0x0000000008003ec6                lsm9ds1_gy_full_scale_set
 .text.lsm9ds1_imu_data_rate_set
                0x0000000008003ef4       0x84 zephyr/libzephyr.a(lsm9ds1_reg.c.obj)
                0x0000000008003ef4                lsm9ds1_imu_data_rate_set
 .text.lsm9ds1_imu_data_rate_get
                0x0000000008003f78       0xf8 zephyr/libzephyr.a(lsm9ds1_reg.c.obj)
                0x0000000008003f78                lsm9ds1_imu_data_rate_get
 .text.lsm9ds1_xl_full_scale_set
                0x0000000008004070       0x2e zephyr/libzephyr.a(lsm9ds1_reg.c.obj)
                0x0000000008004070                lsm9ds1_xl_full_scale_set
 .text.lsm9ds1_angular_rate_raw_get
                0x000000000800409e       0x3c zephyr/libzephyr.a(lsm9ds1_reg.c.obj)
                0x000000000800409e                lsm9ds1_angular_rate_raw_get
 .text.lsm9ds1_acceleration_raw_get
                0x00000000080040da       0x3c zephyr/libzephyr.a(lsm9ds1_reg.c.obj)
                0x00000000080040da                lsm9ds1_acceleration_raw_get
 .text.z_arm_fatal_error
                0x0000000008004116        0xc zephyr/arch/arch/arm/core/libarch__arm__core.a(fatal.c.obj)
                0x0000000008004116                z_arm_fatal_error
 .text.z_do_kernel_oops
                0x0000000008004122        0x8 zephyr/arch/arch/arm/core/libarch__arm__core.a(fatal.c.obj)
                0x0000000008004122                z_do_kernel_oops
 .text.z_arm_nmi
                0x000000000800412a        0xe zephyr/arch/arch/arm/core/libarch__arm__core.a(nmi.c.obj)
                0x000000000800412a                z_arm_nmi
 .text.z_irq_spurious
                0x0000000008004138        0x8 zephyr/arch/arch/arm/core/cortex_m/libarch__arm__core__cortex_m.a(irq_manage.c.obj)
                0x0000000008004138                z_irq_spurious
 .text.arch_irq_unlock_outlined
                0x0000000008004140        0xe zephyr/arch/arch/arm/core/cortex_m/libarch__arm__core__cortex_m.a(thread.c.obj)
                0x0000000008004140                arch_irq_unlock_outlined
 .text.arch_cpu_idle
                0x000000000800414e       0x1a zephyr/arch/arch/arm/core/cortex_m/libarch__arm__core__cortex_m.a(cpu_idle.c.obj)
                0x000000000800414e                arch_cpu_idle
 .text.size_to_mpu_rasr_size
                0x0000000008004168       0x20 zephyr/arch/arch/arm/core/mpu/libarch__arm__core__mpu.a(arm_mpu.c.obj)
 .text.picolibc_put
                0x0000000008004188        0xa zephyr/lib/libc/picolibc/liblib__libc__picolibc.a(libc-hooks.c.obj)
 .text.stm32_exti_init
                0x0000000008004192       0x92 zephyr/drivers/interrupt_controller/libdrivers__interrupt_controller.a(intc_exti_stm32.c.obj)
 .text.stm32_clock_control_on
                0x0000000008004224       0x38 zephyr/drivers/clock_control/libdrivers__clock_control.a(clock_stm32_ll_common.c.obj)
 .text.stm32_clock_control_off
                0x000000000800425c       0x24 zephyr/drivers/clock_control/libdrivers__clock_control.a(clock_stm32_ll_common.c.obj)
 .text.stm32_clock_control_configure
                0x0000000008004280       0x5c zephyr/drivers/clock_control/libdrivers__clock_control.a(clock_stm32_ll_common.c.obj)
 .text.stm32_clock_control_get_status
                0x00000000080042dc       0x36 zephyr/drivers/clock_control/libdrivers__clock_control.a(clock_stm32_ll_common.c.obj)
 .text.config_regulator_voltage
                0x0000000008004312        0x2 zephyr/drivers/clock_control/libdrivers__clock_control.a(clock_stm32_ll_common.c.obj)
                0x0000000008004312                config_regulator_voltage
 .text.gpio_stm32_port_get_raw
                0x0000000008004314        0xc zephyr/drivers/gpio/libdrivers__gpio.a(gpio_stm32.c.obj)
 .text.gpio_stm32_port_set_masked_raw
                0x0000000008004320       0x12 zephyr/drivers/gpio/libdrivers__gpio.a(gpio_stm32.c.obj)
 .text.gpio_stm32_port_set_bits_raw
                0x0000000008004332        0xa zephyr/drivers/gpio/libdrivers__gpio.a(gpio_stm32.c.obj)
 .text.gpio_stm32_port_clear_bits_raw
                0x000000000800433c        0xa zephyr/drivers/gpio/libdrivers__gpio.a(gpio_stm32.c.obj)
 .text.gpio_stm32_port_toggle_bits
                0x0000000008004346        0xe zephyr/drivers/gpio/libdrivers__gpio.a(gpio_stm32.c.obj)
 .text.gpio_stm32_manage_callback
                0x0000000008004354       0x52 zephyr/drivers/gpio/libdrivers__gpio.a(gpio_stm32.c.obj)
 .text.gpio_stm32_configure_raw.isra.0
                0x00000000080043a6      0x106 zephyr/drivers/gpio/libdrivers__gpio.a(gpio_stm32.c.obj)
 .text.gpio_stm32_config
                0x00000000080044ac       0x72 zephyr/drivers/gpio/libdrivers__gpio.a(gpio_stm32.c.obj)
 .text.gpio_stm32_isr
                0x000000000800451e       0x2e zephyr/drivers/gpio/libdrivers__gpio.a(gpio_stm32.c.obj)
 .text.gpio_stm32_configure
                0x000000000800454c       0x2a zephyr/drivers/gpio/libdrivers__gpio.a(gpio_stm32.c.obj)
                0x000000000800454c                gpio_stm32_configure
 .text.stm32_i2c_disable_transfer_interrupts
                0x0000000008004576       0x3e zephyr/drivers/i2c/libdrivers__i2c.a(i2c_ll_stm32_v2.c.obj)
 .text.stm32_i2c_enable_transfer_interrupts.isra.0
                0x00000000080045b4       0x24 zephyr/drivers/i2c/libdrivers__i2c.a(i2c_ll_stm32_v2.c.obj)
 .text.stm32_i2c_master_mode_end
                0x00000000080045d8       0x32 zephyr/drivers/i2c/libdrivers__i2c.a(i2c_ll_stm32_v2.c.obj)
 .text.stm32_i2c_event_isr
                0x000000000800460a       0x8c zephyr/drivers/i2c/libdrivers__i2c.a(i2c_ll_stm32_v2.c.obj)
                0x000000000800460a                stm32_i2c_event_isr
 .text.stm32_i2c_error_isr
                0x0000000008004696       0x32 zephyr/drivers/i2c/libdrivers__i2c.a(i2c_ll_stm32_v2.c.obj)
                0x0000000008004696                stm32_i2c_error_isr
 .text.stm32_i2c_transaction
                0x00000000080046c8      0x14e zephyr/drivers/i2c/libdrivers__i2c.a(i2c_ll_stm32_v2.c.obj)
                0x00000000080046c8                stm32_i2c_transaction
 .text.i2c_stm32_get_config
                0x0000000008004816       0x16 zephyr/drivers/i2c/libdrivers__i2c.a(i2c_ll_stm32.c.obj)
                0x0000000008004816                i2c_stm32_get_config
 .text.i2c_stm32_irq_config_func_0
                0x000000000800482c       0x26 zephyr/drivers/i2c/libdrivers__i2c.a(i2c_ll_stm32.c.obj)
 .text.i2c_stm32_transfer
                0x0000000008004852       0x94 zephyr/drivers/i2c/libdrivers__i2c.a(i2c_ll_stm32.c.obj)
 .text.i2c_stm32_set_smbus_mode
                0x00000000080048e6       0x16 zephyr/drivers/i2c/libdrivers__i2c.a(i2c_ll_stm32.c.obj)
                0x00000000080048e6                i2c_stm32_set_smbus_mode
 .text.pinctrl_lookup_state
                0x00000000080048fc       0x26 zephyr/drivers/pinctrl/libdrivers__pinctrl.a(common.c.obj)
                0x00000000080048fc                pinctrl_lookup_state
 .text.reset_stm32_status
                0x0000000008004922       0x20 zephyr/drivers/reset/libdrivers__reset.a(reset_stm32.c.obj)
 .text.reset_stm32_line_assert
                0x0000000008004942       0x1c zephyr/drivers/reset/libdrivers__reset.a(reset_stm32.c.obj)
 .text.reset_stm32_line_deassert
                0x000000000800495e       0x1e zephyr/drivers/reset/libdrivers__reset.a(reset_stm32.c.obj)
 .text.reset_stm32_line_toggle
                0x000000000800497c       0x16 zephyr/drivers/reset/libdrivers__reset.a(reset_stm32.c.obj)
 .text.stmemsc_i2c_read
                0x0000000008004992       0x38 zephyr/drivers/sensor/st/stmemsc/libdrivers__sensor__st__stmemsc.a(stmemsc_i2c.c.obj)
                0x0000000008004992                stmemsc_i2c_read
 .text.stmemsc_i2c_write
                0x00000000080049ca       0x36 zephyr/drivers/sensor/st/stmemsc/libdrivers__sensor__st__stmemsc.a(stmemsc_i2c.c.obj)
                0x00000000080049ca                stmemsc_i2c_write
 .text.stmemsc_mdelay
                0x0000000008004a00        0xe zephyr/drivers/sensor/st/stmemsc/libdrivers__sensor__st__stmemsc.a(stmemsc_mdelay.c.obj)
                0x0000000008004a00                stmemsc_mdelay
 .text.lsm9ds1_gyro_set_odr_raw
                0x0000000008004a0e       0x3c zephyr/drivers/sensor/st/lsm9ds1/libdrivers__sensor__st__lsm9ds1.a(lsm9ds1.c.obj)
 .text.lsm9ds1_accel_set_odr_raw
                0x0000000008004a4a       0x3c zephyr/drivers/sensor/st/lsm9ds1/libdrivers__sensor__st__lsm9ds1.a(lsm9ds1.c.obj)
 .text.lsm9ds1_channel_get
                0x0000000008004a86       0x9c zephyr/drivers/sensor/st/lsm9ds1/libdrivers__sensor__st__lsm9ds1.a(lsm9ds1.c.obj)
 .text.lsm9ds1_sample_fetch
                0x0000000008004b22       0x36 zephyr/drivers/sensor/st/lsm9ds1/libdrivers__sensor__st__lsm9ds1.a(lsm9ds1.c.obj)
 .text.uart_stm32_ll2cfg_databits
                0x0000000008004b58       0x2a zephyr/drivers/serial/libdrivers__serial.a(uart_stm32.c.obj)
 .text.uart_stm32_err_check
                0x0000000008004b82       0x5a zephyr/drivers/serial/libdrivers__serial.a(uart_stm32.c.obj)
 .text.uart_stm32_poll_out
                0x0000000008004bdc       0x36 zephyr/drivers/serial/libdrivers__serial.a(uart_stm32.c.obj)
 .text.uart_stm32_poll_in
                0x0000000008004c12       0x20 zephyr/drivers/serial/libdrivers__serial.a(uart_stm32.c.obj)
 .text.uart_stm32_parameters_set
                0x0000000008004c32      0x136 zephyr/drivers/serial/libdrivers__serial.a(uart_stm32.c.obj)
 .text.uart_stm32_config_get
                0x0000000008004d68       0x92 zephyr/drivers/serial/libdrivers__serial.a(uart_stm32.c.obj)
 .text.z_impl_k_busy_wait
                0x0000000008004dfa       0x1c zephyr/kernel/libkernel.a(busy_wait.c.obj)
                0x0000000008004dfa                z_impl_k_busy_wait
 .text.z_device_state_init
                0x0000000008004e16        0x2 zephyr/kernel/libkernel.a(device.c.obj)
                0x0000000008004e16                z_device_state_init
 .text.z_device_is_ready
                0x0000000008004e18       0x16 zephyr/kernel/libkernel.a(device.c.obj)
                0x0000000008004e18                z_device_is_ready
 .text.arch_system_halt
                0x0000000008004e2e       0x10 zephyr/kernel/libkernel.a(fatal.c.obj)
                0x0000000008004e2e                arch_system_halt
 .text.k_sys_fatal_error_handler
                0x0000000008004e3e        0x6 zephyr/kernel/libkernel.a(fatal.c.obj)
                0x0000000008004e3e                k_sys_fatal_error_handler
 .text.do_device_init
                0x0000000008004e44       0x30 zephyr/kernel/libkernel.a(init.c.obj)
 .text.z_early_memset
                0x0000000008004e74        0x4 zephyr/kernel/libkernel.a(init.c.obj)
                0x0000000008004e74                z_early_memset
 .text.z_early_memcpy
                0x0000000008004e78        0x4 zephyr/kernel/libkernel.a(init.c.obj)
                0x0000000008004e78                z_early_memcpy
 .text.idle     0x0000000008004e7c       0x16 zephyr/kernel/libkernel.a(idle.c.obj)
                0x0000000008004e7c                idle
 .text.z_impl_k_sem_init
                0x0000000008004e92       0x18 zephyr/kernel/libkernel.a(sem.c.obj)
                0x0000000008004e92                z_impl_k_sem_init
 .text.z_impl_k_thread_start
                0x0000000008004eaa        0x4 zephyr/kernel/libkernel.a(thread.c.obj)
                0x0000000008004eaa                z_impl_k_thread_start
 .text.sys_dlist_remove
                0x0000000008004eae       0x10 zephyr/kernel/libkernel.a(sched.c.obj)
 .text.unpend_thread_no_timeout
                0x0000000008004ebe       0x14 zephyr/kernel/libkernel.a(sched.c.obj)
 .text.add_to_waitq_locked
                0x0000000008004ed2       0x50 zephyr/kernel/libkernel.a(sched.c.obj)
 .text.z_ready_thread
                0x0000000008004f22       0x1e zephyr/kernel/libkernel.a(sched.c.obj)
                0x0000000008004f22                z_ready_thread
 .text.z_impl_k_thread_suspend
                0x0000000008004f40       0x32 zephyr/kernel/libkernel.a(sched.c.obj)
                0x0000000008004f40                z_impl_k_thread_suspend
 .text.z_sched_wake_thread
                0x0000000008004f72       0x42 zephyr/kernel/libkernel.a(sched.c.obj)
                0x0000000008004f72                z_sched_wake_thread
 .text.z_thread_timeout
                0x0000000008004fb4        0x8 zephyr/kernel/libkernel.a(sched.c.obj)
                0x0000000008004fb4                z_thread_timeout
 .text.z_unpend_first_thread
                0x0000000008004fbc       0x36 zephyr/kernel/libkernel.a(sched.c.obj)
                0x0000000008004fbc                z_unpend_first_thread
 .text.z_thread_abort
                0x0000000008004ff2       0x44 zephyr/kernel/libkernel.a(sched.c.obj)
                0x0000000008004ff2                z_thread_abort
 .text.z_abort_timeout
                0x0000000008005036       0x2a zephyr/kernel/libkernel.a(timeout.c.obj)
                0x0000000008005036                z_abort_timeout
 .text.sys_clock_tick_get_32
                0x0000000008005060        0x8 zephyr/kernel/libkernel.a(timeout.c.obj)
                0x0000000008005060                sys_clock_tick_get_32
 .text.strnlen  0x0000000008005068       0x18 /home/golden-devadhas/zephyr-sdk-0.16.5-1/arm-zephyr-eabi/bin/../lib/gcc/../../picolibc/arm-zephyr-eabi/lib/thumb/v7e-m/nofp/libc.a(libc_string_strnlen.c.o)
                0x0000000008005068                strnlen
 .text.__ultoa_invert
                0x0000000008005080       0xae /home/golden-devadhas/zephyr-sdk-0.16.5-1/arm-zephyr-eabi/bin/../lib/gcc/../../picolibc/arm-zephyr-eabi/lib/thumb/v7e-m/nofp/libc.a(libc_tinystdio_vflprintf.c.o)
 .text.memcpy   0x000000000800512e       0x1c /home/golden-devadhas/zephyr-sdk-0.16.5-1/arm-zephyr-eabi/bin/../lib/gcc/../../picolibc/arm-zephyr-eabi/lib/thumb/v7e-m/nofp/libc.a(memcpy.c.o)
                0x000000000800512e                memcpy
                0x000000000800512e                __aeabi_memcpy
                0x000000000800512e                __aeabi_memcpy4
                0x000000000800512e                __aeabi_memcpy8
 .text.memset   0x000000000800514a       0x10 /home/golden-devadhas/zephyr-sdk-0.16.5-1/arm-zephyr-eabi/bin/../lib/gcc/../../picolibc/arm-zephyr-eabi/lib/thumb/v7e-m/nofp/libc.a(memset.c.o)
                0x000000000800514a                memset
 *(SORT_BY_ALIGNMENT(.TEXT.*))
 *fill*         0x000000000800515a        0x2 
 .TEXT.__aeabi_read_tp
                0x000000000800515c        0xc zephyr/arch/arch/arm/core/cortex_m/libarch__arm__core__cortex_m.a(__aeabi_read_tp.S.obj)
                0x000000000800515c                __aeabi_read_tp
 *(SORT_BY_ALIGNMENT(.gnu.linkonce.t.*))
 *(SORT_BY_ALIGNMENT(.glue_7t))
 .glue_7t       0x0000000008005168        0x0 linker stubs
 *(SORT_BY_ALIGNMENT(.glue_7))
 .glue_7        0x0000000008005168        0x0 linker stubs
 *(SORT_BY_ALIGNMENT(.vfp11_veneer))
 .vfp11_veneer  0x0000000008005168        0x0 linker stubs
 *(SORT_BY_ALIGNMENT(.v4_bx))
 .v4_bx         0x0000000008005168        0x0 linker stubs
                0x0000000008005168                . = ALIGN (0x4)
                0x0000000008005168                __text_region_end = .

.ARM.exidx      0x0000000008005168        0x8
                0x0000000008005168                __exidx_start = .
 *(SORT_BY_ALIGNMENT(.ARM.exidx*) SORT_BY_ALIGNMENT(gnu.linkonce.armexidx.*))
 .ARM.exidx     0x0000000008005168        0x8 /home/golden-devadhas/zephyr-sdk-0.16.5-1/arm-zephyr-eabi/bin/../lib/gcc/arm-zephyr-eabi/12.2.0/thumb/v7e-m/nofp/libgcc.a(_udivmoddi4.o)
 .ARM.exidx     0x0000000008005170        0x0 /home/golden-devadhas/zephyr-sdk-0.16.5-1/arm-zephyr-eabi/bin/../lib/gcc/../../picolibc/arm-zephyr-eabi/lib/thumb/v7e-m/nofp/libc.a(strcmp.S.o)
                                          0x8 (size before relaxing)
                0x0000000008005170                __exidx_end = .
                0x0000000008005170                __rodata_region_start = .

initlevel       0x0000000008005170       0xb0
                0x0000000008005170                __init_start = .
                0x0000000008005170                __init_EARLY_start = .
 *(SORT_BY_NAME(SORT_BY_ALIGNMENT(.z_init_EARLY?_*)))
 *(SORT_BY_NAME(SORT_BY_ALIGNMENT(.z_init_EARLY??_*)))
                0x0000000008005170                __init_PRE_KERNEL_1_start = .
 *(SORT_BY_NAME(SORT_BY_ALIGNMENT(.z_init_PRE_KERNEL_1?_*)))
 .z_init_PRE_KERNEL_10_0_
                0x0000000008005170        0x8 zephyr/libzephyr.a(soc.c.obj)
 .z_init_PRE_KERNEL_11_00009_
                0x0000000008005178        0x8 zephyr/drivers/clock_control/libdrivers__clock_control.a(clock_stm32_ll_common.c.obj)
 .z_init_PRE_KERNEL_11_0_
                0x0000000008005180        0x8 zephyr/libzephyr.a(soc_config.c.obj)
 *(SORT_BY_NAME(SORT_BY_ALIGNMENT(.z_init_PRE_KERNEL_1??_*)))
 .z_init_PRE_KERNEL_135_00044_
                0x0000000008005188        0x8 zephyr/drivers/reset/libdrivers__reset.a(reset_stm32.c.obj)
 .z_init_PRE_KERNEL_140_00036_
                0x0000000008005190        0x8 zephyr/drivers/gpio/libdrivers__gpio.a(gpio_stm32.c.obj)
 .z_init_PRE_KERNEL_140_00039_
                0x0000000008005198        0x8 zephyr/drivers/gpio/libdrivers__gpio.a(gpio_stm32.c.obj)
 .z_init_PRE_KERNEL_140_00058_
                0x00000000080051a0        0x8 zephyr/drivers/interrupt_controller/libdrivers__interrupt_controller.a(intc_exti_stm32.c.obj)
 .z_init_PRE_KERNEL_140_00078_
                0x00000000080051a8        0x8 zephyr/drivers/gpio/libdrivers__gpio.a(gpio_stm32.c.obj)
 .z_init_PRE_KERNEL_140_00093_
                0x00000000080051b0        0x8 zephyr/drivers/gpio/libdrivers__gpio.a(gpio_stm32.c.obj)
 .z_init_PRE_KERNEL_140_00094_
                0x00000000080051b8        0x8 zephyr/drivers/gpio/libdrivers__gpio.a(gpio_stm32.c.obj)
 .z_init_PRE_KERNEL_140_00095_
                0x00000000080051c0        0x8 zephyr/drivers/gpio/libdrivers__gpio.a(gpio_stm32.c.obj)
 .z_init_PRE_KERNEL_140_00096_
                0x00000000080051c8        0x8 zephyr/drivers/gpio/libdrivers__gpio.a(gpio_stm32.c.obj)
 .z_init_PRE_KERNEL_140_00097_
                0x00000000080051d0        0x8 zephyr/drivers/gpio/libdrivers__gpio.a(gpio_stm32.c.obj)
 .z_init_PRE_KERNEL_140_00098_
                0x00000000080051d8        0x8 zephyr/drivers/gpio/libdrivers__gpio.a(gpio_stm32.c.obj)
 .z_init_PRE_KERNEL_150_00066_
                0x00000000080051e0        0x8 zephyr/drivers/serial/libdrivers__serial.a(uart_stm32.c.obj)
 .z_init_PRE_KERNEL_150_00069_
                0x00000000080051e8        0x8 zephyr/drivers/serial/libdrivers__serial.a(uart_stm32.c.obj)
 .z_init_PRE_KERNEL_150_00074_
                0x00000000080051f0        0x8 zephyr/drivers/serial/libdrivers__serial.a(uart_stm32.c.obj)
 .z_init_PRE_KERNEL_160_0_
                0x00000000080051f8        0x8 zephyr/drivers/console/libdrivers__console.a(uart_console.c.obj)
                0x0000000008005200                __init_PRE_KERNEL_2_start = .
 *(SORT_BY_NAME(SORT_BY_ALIGNMENT(.z_init_PRE_KERNEL_2?_*)))
 .z_init_PRE_KERNEL_20_0_
                0x0000000008005200        0x8 zephyr/drivers/timer/libdrivers__timer.a(cortex_m_systick.c.obj)
 *(SORT_BY_NAME(SORT_BY_ALIGNMENT(.z_init_PRE_KERNEL_2??_*)))
                0x0000000008005208                __init_POST_KERNEL_start = .
 *(SORT_BY_NAME(SORT_BY_ALIGNMENT(.z_init_POST_KERNEL?_*)))
 *(SORT_BY_NAME(SORT_BY_ALIGNMENT(.z_init_POST_KERNEL??_*)))
 .z_init_POST_KERNEL40_0_
                0x0000000008005208        0x8 zephyr/lib/libc/common/liblib__libc__common.a(malloc.c.obj)
 .z_init_POST_KERNEL50_00016_
                0x0000000008005210        0x8 zephyr/drivers/i2c/libdrivers__i2c.a(i2c_ll_stm32.c.obj)
 .z_init_POST_KERNEL90_00092_
                0x0000000008005218        0x8 zephyr/drivers/sensor/st/lsm9ds1/libdrivers__sensor__st__lsm9ds1.a(lsm9ds1.c.obj)
                0x0000000008005220                __init_APPLICATION_start = .
 *(SORT_BY_NAME(SORT_BY_ALIGNMENT(.z_init_APPLICATION?_*)))
 *(SORT_BY_NAME(SORT_BY_ALIGNMENT(.z_init_APPLICATION??_*)))
                0x0000000008005220                __init_SMP_start = .
 *(SORT_BY_NAME(SORT_BY_ALIGNMENT(.z_init_SMP?_*)))
 *(SORT_BY_NAME(SORT_BY_ALIGNMENT(.z_init_SMP??_*)))
                0x0000000008005220                __init_end = .
                0x0000000008005220                __deferred_init_list_start = .
 *(SORT_BY_ALIGNMENT(.z_deferred_init))
                0x0000000008005220                __deferred_init_list_end = .

device_area     0x0000000008005220      0x154
                0x0000000008005220                _device_list_start = .
 *(SORT_BY_NAME(SORT_BY_ALIGNMENT(._device.static.*_?_*)))
 ._device.static.1_1_
                0x0000000008005220       0x14 zephyr/drivers/clock_control/libdrivers__clock_control.a(clock_stm32_ll_common.c.obj)
                0x0000000008005220                __device_dts_ord_9
 *(SORT_BY_NAME(SORT_BY_ALIGNMENT(._device.static.*_??_*)))
 ._device.static.1_35_
                0x0000000008005234       0x14 zephyr/drivers/reset/libdrivers__reset.a(reset_stm32.c.obj)
                0x0000000008005234                __device_dts_ord_44
 ._device.static.1_40_
                0x0000000008005248       0x14 zephyr/drivers/interrupt_controller/libdrivers__interrupt_controller.a(intc_exti_stm32.c.obj)
                0x0000000008005248                __device_dts_ord_58
 ._device.static.1_40_
                0x000000000800525c       0xb4 zephyr/drivers/gpio/libdrivers__gpio.a(gpio_stm32.c.obj)
                0x000000000800525c                __device_dts_ord_98
                0x0000000008005270                __device_dts_ord_97
                0x0000000008005284                __device_dts_ord_96
                0x0000000008005298                __device_dts_ord_95
                0x00000000080052ac                __device_dts_ord_94
                0x00000000080052c0                __device_dts_ord_78
                0x00000000080052d4                __device_dts_ord_36
                0x00000000080052e8                __device_dts_ord_39
                0x00000000080052fc                __device_dts_ord_93
 ._device.static.1_50_
                0x0000000008005310       0x3c zephyr/drivers/serial/libdrivers__serial.a(uart_stm32.c.obj)
                0x0000000008005310                __device_dts_ord_69
                0x0000000008005324                __device_dts_ord_74
                0x0000000008005338                __device_dts_ord_66
 ._device.static.3_50_
                0x000000000800534c       0x14 zephyr/drivers/i2c/libdrivers__i2c.a(i2c_ll_stm32.c.obj)
                0x000000000800534c                __device_dts_ord_16
 ._device.static.3_90_
                0x0000000008005360       0x14 zephyr/drivers/sensor/st/lsm9ds1/libdrivers__sensor__st__lsm9ds1.a(lsm9ds1.c.obj)
                0x0000000008005360                __device_dts_ord_92
                0x0000000008005374                _device_list_end = .

sw_isr_table    0x0000000008005374      0x2d8
                0x0000000008005374                . = ALIGN (0x4)
 *(SORT_BY_ALIGNMENT(.gnu.linkonce.sw_isr_table*))
 .gnu.linkonce.sw_isr_table
                0x0000000008005374      0x2d8 zephyr/arch/common/libisr_tables.a(isr_tables.c.obj)
                0x0000000008005374                _sw_isr_table

initlevel_error
                0x0000000008005170        0x0
 *(SORT_BY_NAME(SORT_BY_ALIGNMENT(.z_init_[_A-Z0-9]*)))
                0x0000000000000001                ASSERT ((SIZEOF (initlevel_error) == 0x0), Undefined initialization levels used.)

app_shmem_regions
                0x000000000800564c        0x0
                0x000000000800564c                __app_shmem_regions_start = .
 *(SORT_BY_NAME(SORT_BY_ALIGNMENT(.app_regions.*)))
                0x000000000800564c                __app_shmem_regions_end = .

k_p4wq_initparam_area
                0x000000000800564c        0x0
                0x000000000800564c                _k_p4wq_initparam_list_start = .
 *(SORT_BY_NAME(SORT_BY_ALIGNMENT(._k_p4wq_initparam.static.*)))
                0x000000000800564c                _k_p4wq_initparam_list_end = .

_static_thread_data_area
                0x000000000800564c        0x0
                0x000000000800564c                __static_thread_data_list_start = .
 *(SORT_BY_NAME(SORT_BY_ALIGNMENT(.__static_thread_data.static.*)))
                0x000000000800564c                __static_thread_data_list_end = .

device_deps     0x000000000800564c        0x0
                0x000000000800564c                __device_deps_start = .
 *(SORT_BY_NAME(SORT_BY_ALIGNMENT(.__device_deps_pass2*)))
                0x000000000800564c                __device_deps_end = .

ztest           0x000000000800564c        0x0
                0x000000000800564c                _ztest_expected_result_entry_list_start = .
 *(SORT_BY_NAME(SORT_BY_ALIGNMENT(._ztest_expected_result_entry.static.*)))
                0x000000000800564c                _ztest_expected_result_entry_list_end = .
                0x000000000800564c                _ztest_suite_node_list_start = .
 *(SORT_BY_NAME(SORT_BY_ALIGNMENT(._ztest_suite_node.static.*)))
                0x000000000800564c                _ztest_suite_node_list_end = .
                0x000000000800564c                _ztest_unit_test_list_start = .
 *(SORT_BY_NAME(SORT_BY_ALIGNMENT(._ztest_unit_test.static.*)))
                0x000000000800564c                _ztest_unit_test_list_end = .
                0x000000000800564c                _ztest_test_rule_list_start = .
 *(SORT_BY_NAME(SORT_BY_ALIGNMENT(._ztest_test_rule.static.*)))
                0x000000000800564c                _ztest_test_rule_list_end = .

bt_l2cap_fixed_chan_area
                0x000000000800564c        0x0
                0x000000000800564c                _bt_l2cap_fixed_chan_list_start = .
 *(SORT_BY_NAME(SORT_BY_ALIGNMENT(._bt_l2cap_fixed_chan.static.*)))
                0x000000000800564c                _bt_l2cap_fixed_chan_list_end = .

bt_gatt_service_static_area
                0x000000000800564c        0x0
                0x000000000800564c                _bt_gatt_service_static_list_start = .
 *(SORT_BY_NAME(SORT_BY_ALIGNMENT(._bt_gatt_service_static.static.*)))
                0x000000000800564c                _bt_gatt_service_static_list_end = .

log_strings_area
                0x000000000800564c        0x0
                0x000000000800564c                _log_strings_list_start = .
 *(SORT_BY_NAME(SORT_BY_ALIGNMENT(._log_strings.static.*)))
                0x000000000800564c                _log_strings_list_end = .

log_const_area  0x000000000800564c        0x0
                0x000000000800564c                _log_const_list_start = .
 *(SORT_BY_NAME(SORT_BY_ALIGNMENT(._log_const.static.*)))
                0x000000000800564c                _log_const_list_end = .

log_backend_area
                0x000000000800564c        0x0
                0x000000000800564c                _log_backend_list_start = .
 *(SORT_BY_NAME(SORT_BY_ALIGNMENT(._log_backend.static.*)))
                0x000000000800564c                _log_backend_list_end = .

log_link_area   0x000000000800564c        0x0
                0x000000000800564c                _log_link_list_start = .
 *(SORT_BY_NAME(SORT_BY_ALIGNMENT(._log_link.static.*)))
                0x000000000800564c                _log_link_list_end = .

tracing_backend_area
                0x000000000800564c        0x0
                0x000000000800564c                _tracing_backend_list_start = .
 *(SORT_BY_NAME(SORT_BY_ALIGNMENT(._tracing_backend.static.*)))
                0x000000000800564c                _tracing_backend_list_end = .

zephyr_dbg_info
 *(SORT_BY_ALIGNMENT(.dbg_thread_info))

intc_table_area
                0x000000000800564c        0x0
                0x000000000800564c                _intc_table_list_start = .
 *(SORT_BY_NAME(SORT_BY_ALIGNMENT(._intc_table.static.*)))
                0x000000000800564c                _intc_table_list_end = .

symbol_to_keep  0x000000000800564c        0x0
                0x000000000800564c                __symbol_to_keep_start = .
 *(SORT_BY_NAME(SORT_BY_ALIGNMENT(.symbol_to_keep*)))
                0x000000000800564c                __symbol_to_keep_end = .

shell_area      0x000000000800564c        0x0
                0x000000000800564c                _shell_list_start = .
 *(SORT_BY_NAME(SORT_BY_ALIGNMENT(._shell.static.*)))
                0x000000000800564c                _shell_list_end = .

shell_root_cmds_area
                0x000000000800564c        0x0
                0x000000000800564c                _shell_root_cmds_list_start = .
 *(SORT_BY_NAME(SORT_BY_ALIGNMENT(._shell_root_cmds.static.*)))
                0x000000000800564c                _shell_root_cmds_list_end = .

shell_subcmds_area
                0x000000000800564c        0x0
                0x000000000800564c                _shell_subcmds_list_start = .
 *(SORT_BY_NAME(SORT_BY_ALIGNMENT(._shell_subcmds.static.*)))
                0x000000000800564c                _shell_subcmds_list_end = .

shell_dynamic_subcmds_area
                0x000000000800564c        0x0
                0x000000000800564c                _shell_dynamic_subcmds_list_start = .
 *(SORT_BY_NAME(SORT_BY_ALIGNMENT(._shell_dynamic_subcmds.static.*)))
                0x000000000800564c                _shell_dynamic_subcmds_list_end = .

cfb_font_area   0x000000000800564c        0x0
                0x000000000800564c                _cfb_font_list_start = .
 *(SORT_BY_NAME(SORT_BY_ALIGNMENT(._cfb_font.static.*)))
                0x000000000800564c                _cfb_font_list_end = .

tdata           0x000000000800564c        0x0
 *(SORT_BY_ALIGNMENT(.tdata) SORT_BY_ALIGNMENT(.tdata.*) SORT_BY_ALIGNMENT(.gnu.linkonce.td.*))

tbss            0x000000000800564c        0x4
 *(SORT_BY_ALIGNMENT(.tbss) SORT_BY_ALIGNMENT(.tbss.*) SORT_BY_ALIGNMENT(.gnu.linkonce.tb.*) SORT_BY_ALIGNMENT(.tcommon))
 .tbss.z_tls_current
                0x000000000800564c        0x4 zephyr/libzephyr.a(thread_entry.c.obj)
                0x000000000800564c                z_tls_current
                0x000000000800564c                PROVIDE (__tdata_start = LOADADDR (tdata))
                0x0000000000000001                PROVIDE (__tdata_align = ALIGNOF (tdata))
                0x0000000000000000                PROVIDE (__tdata_size = (((SIZEOF (tdata) + __tdata_align) - 0x1) & ~ ((__tdata_align - 0x1))))
                [!provide]                        PROVIDE (__tdata_end = (__tdata_start + __tdata_size))
                0x0000000000000004                PROVIDE (__tbss_align = ALIGNOF (tbss))
                [!provide]                        PROVIDE (__tbss_start = ADDR (tbss))
                0x0000000000000004                PROVIDE (__tbss_size = (((SIZEOF (tbss) + __tbss_align) - 0x1) & ~ ((__tbss_align - 0x1))))
                [!provide]                        PROVIDE (__tbss_end = (__tbss_start + __tbss_size))
                [!provide]                        PROVIDE (__tls_start = __tdata_start)
                [!provide]                        PROVIDE (__tls_end = __tbss_end)
                [!provide]                        PROVIDE (__tls_size = (__tbss_end - __tdata_start))

rodata          0x000000000800564c      0x510
 *(SORT_BY_ALIGNMENT(.rodata))
 .rodata        0x000000000800564c        0x8 zephyr/drivers/gpio/libdrivers__gpio.a(gpio_stm32.c.obj)
 *(SORT_BY_ALIGNMENT(.rodata.*))
 .rodata.mem_attr_region
                0x0000000008005654        0x0 zephyr/libzephyr.a(mem_attr.c.obj)
 .rodata.static_regions
                0x0000000008005654        0xc zephyr/arch/arch/arm/core/mpu/libarch__arm__core__mpu.a(arm_core_mpu.c.obj)
 .rodata.mpu_config
                0x0000000008005660        0x8 zephyr/arch/arch/arm/core/mpu/libarch__arm__core__mpu.a(arm_mpu_regions.c.obj)
                0x0000000008005660                mpu_config
 .rodata.mpu_regions
                0x0000000008005668       0x18 zephyr/arch/arch/arm/core/mpu/libarch__arm__core__mpu.a(arm_mpu_regions.c.obj)
 .rodata.gpio_stm32_cfg_i
                0x0000000008005680       0x14 zephyr/drivers/gpio/libdrivers__gpio.a(gpio_stm32.c.obj)
 .rodata.gpio_stm32_cfg_h
                0x0000000008005694       0x14 zephyr/drivers/gpio/libdrivers__gpio.a(gpio_stm32.c.obj)
 .rodata.gpio_stm32_cfg_g
                0x00000000080056a8       0x14 zephyr/drivers/gpio/libdrivers__gpio.a(gpio_stm32.c.obj)
 .rodata.gpio_stm32_cfg_f
                0x00000000080056bc       0x14 zephyr/drivers/gpio/libdrivers__gpio.a(gpio_stm32.c.obj)
 .rodata.gpio_stm32_cfg_e
                0x00000000080056d0       0x14 zephyr/drivers/gpio/libdrivers__gpio.a(gpio_stm32.c.obj)
 .rodata.gpio_stm32_cfg_d
                0x00000000080056e4       0x14 zephyr/drivers/gpio/libdrivers__gpio.a(gpio_stm32.c.obj)
 .rodata.gpio_stm32_cfg_c
                0x00000000080056f8       0x14 zephyr/drivers/gpio/libdrivers__gpio.a(gpio_stm32.c.obj)
 .rodata.gpio_stm32_cfg_b
                0x000000000800570c       0x14 zephyr/drivers/gpio/libdrivers__gpio.a(gpio_stm32.c.obj)
 .rodata.gpio_stm32_cfg_a
                0x0000000008005720       0x14 zephyr/drivers/gpio/libdrivers__gpio.a(gpio_stm32.c.obj)
 .rodata.gpio_stm32_driver
                0x0000000008005734       0x24 zephyr/drivers/gpio/libdrivers__gpio.a(gpio_stm32.c.obj)
 .rodata.i2c_stm32_cfg_0
                0x0000000008005758       0x20 zephyr/drivers/i2c/libdrivers__i2c.a(i2c_ll_stm32.c.obj)
 .rodata.pclken_0
                0x0000000008005778        0x8 zephyr/drivers/i2c/libdrivers__i2c.a(i2c_ll_stm32.c.obj)
 .rodata.__pinctrl_dev_config__device_dts_ord_16
                0x0000000008005780        0x8 zephyr/drivers/i2c/libdrivers__i2c.a(i2c_ll_stm32.c.obj)
 .rodata.__pinctrl_states__device_dts_ord_16
                0x0000000008005788        0x8 zephyr/drivers/i2c/libdrivers__i2c.a(i2c_ll_stm32.c.obj)
 .rodata.__pinctrl_state_pins_0__device_dts_ord_16
                0x0000000008005790       0x10 zephyr/drivers/i2c/libdrivers__i2c.a(i2c_ll_stm32.c.obj)
 .rodata.i2c_timings_0
                0x00000000080057a0        0x0 zephyr/drivers/i2c/libdrivers__i2c.a(i2c_ll_stm32.c.obj)
 .rodata.api_funcs
                0x00000000080057a0       0x18 zephyr/drivers/i2c/libdrivers__i2c.a(i2c_ll_stm32.c.obj)
 .rodata.gpio_ports
                0x00000000080057b8       0x2c zephyr/drivers/pinctrl/libdrivers__pinctrl.a(pinctrl_stm32.c.obj)
 .rodata.reset_stm32_config
                0x00000000080057e4        0x4 zephyr/drivers/reset/libdrivers__reset.a(reset_stm32.c.obj)
 .rodata.reset_stm32_driver_api
                0x00000000080057e8       0x10 zephyr/drivers/reset/libdrivers__reset.a(reset_stm32.c.obj)
 .rodata.lsm9ds1_api_funcs
                0x00000000080057f8       0x1c zephyr/drivers/sensor/st/lsm9ds1/libdrivers__sensor__st__lsm9ds1.a(lsm9ds1.c.obj)
 .rodata.uart_stm32_cfg_2
                0x0000000008005814       0x24 zephyr/drivers/serial/libdrivers__serial.a(uart_stm32.c.obj)
 .rodata.pclken_2
                0x0000000008005838        0x8 zephyr/drivers/serial/libdrivers__serial.a(uart_stm32.c.obj)
 .rodata.__pinctrl_dev_config__device_dts_ord_69
                0x0000000008005840        0x8 zephyr/drivers/serial/libdrivers__serial.a(uart_stm32.c.obj)
 .rodata.__pinctrl_states__device_dts_ord_69
                0x0000000008005848        0x8 zephyr/drivers/serial/libdrivers__serial.a(uart_stm32.c.obj)
 .rodata.__pinctrl_state_pins_0__device_dts_ord_69
                0x0000000008005850       0x10 zephyr/drivers/serial/libdrivers__serial.a(uart_stm32.c.obj)
 .rodata.uart_stm32_cfg_1
                0x0000000008005860       0x24 zephyr/drivers/serial/libdrivers__serial.a(uart_stm32.c.obj)
 .rodata.pclken_1
                0x0000000008005884        0x8 zephyr/drivers/serial/libdrivers__serial.a(uart_stm32.c.obj)
 .rodata.__pinctrl_dev_config__device_dts_ord_74
                0x000000000800588c        0x8 zephyr/drivers/serial/libdrivers__serial.a(uart_stm32.c.obj)
 .rodata.__pinctrl_states__device_dts_ord_74
                0x0000000008005894        0x8 zephyr/drivers/serial/libdrivers__serial.a(uart_stm32.c.obj)
 .rodata.__pinctrl_state_pins_0__device_dts_ord_74
                0x000000000800589c       0x10 zephyr/drivers/serial/libdrivers__serial.a(uart_stm32.c.obj)
 .rodata.uart_stm32_cfg_0
                0x00000000080058ac       0x24 zephyr/drivers/serial/libdrivers__serial.a(uart_stm32.c.obj)
 .rodata.pclken_0
                0x00000000080058d0        0x8 zephyr/drivers/serial/libdrivers__serial.a(uart_stm32.c.obj)
 .rodata.__pinctrl_dev_config__device_dts_ord_66
                0x00000000080058d8        0x8 zephyr/drivers/serial/libdrivers__serial.a(uart_stm32.c.obj)
 .rodata.__pinctrl_states__device_dts_ord_66
                0x00000000080058e0        0x8 zephyr/drivers/serial/libdrivers__serial.a(uart_stm32.c.obj)
 .rodata.__pinctrl_state_pins_0__device_dts_ord_66
                0x00000000080058e8       0x10 zephyr/drivers/serial/libdrivers__serial.a(uart_stm32.c.obj)
 .rodata.uart_stm32_driver_api
                0x00000000080058f8       0x14 zephyr/drivers/serial/libdrivers__serial.a(uart_stm32.c.obj)
 .rodata.MSIRangeTable
                0x000000000800590c       0x30 modules/stm32/stm32cube/lib..__modules__hal__stm32__stm32cube.a(system_stm32l4xx.c.obj)
                0x000000000800590c                MSIRangeTable
 .rodata.levels.0
                0x000000000800593c       0x18 zephyr/kernel/libkernel.a(init.c.obj)
 .rodata.lsm9ds1_gyro_odr_map
                0x0000000008005954        0xe zephyr/drivers/sensor/st/lsm9ds1/libdrivers__sensor__st__lsm9ds1.a(lsm9ds1.c.obj)
 .rodata.lsm9ds1_odr_map
                0x0000000008005962        0xe zephyr/drivers/sensor/st/lsm9ds1/libdrivers__sensor__st__lsm9ds1.a(lsm9ds1.c.obj)
 .rodata.lsm9ds1_gyro_fs_sens
                0x0000000008005970        0x8 zephyr/drivers/sensor/st/lsm9ds1/libdrivers__sensor__st__lsm9ds1.a(lsm9ds1.c.obj)
 .rodata.lsm9ds1_accel_fs_sens
                0x0000000008005978        0x8 zephyr/drivers/sensor/st/lsm9ds1/libdrivers__sensor__st__lsm9ds1.a(lsm9ds1.c.obj)
 .rodata.main.str1.1
                0x0000000008005980       0x58 app/libapp.a(main.c.obj)
 .rodata.str1.1
                0x00000000080059d8        0xf zephyr/arch/arch/arm/core/mpu/libarch__arm__core__mpu.a(arm_mpu_regions.c.obj)
 .rodata.line_range_6.0
                0x00000000080059e7        0x2 zephyr/drivers/interrupt_controller/libdrivers__interrupt_controller.a(intc_exti_stm32.c.obj)
 .rodata.line_range_5.1
                0x00000000080059e9        0x2 zephyr/drivers/interrupt_controller/libdrivers__interrupt_controller.a(intc_exti_stm32.c.obj)
 .rodata.line_range_4.2
                0x00000000080059eb        0x2 zephyr/drivers/interrupt_controller/libdrivers__interrupt_controller.a(intc_exti_stm32.c.obj)
 .rodata.line_range_3.3
                0x00000000080059ed        0x2 zephyr/drivers/interrupt_controller/libdrivers__interrupt_controller.a(intc_exti_stm32.c.obj)
 .rodata.line_range_2.4
                0x00000000080059ef        0x2 zephyr/drivers/interrupt_controller/libdrivers__interrupt_controller.a(intc_exti_stm32.c.obj)
 .rodata.line_range_1.5
                0x00000000080059f1        0x2 zephyr/drivers/interrupt_controller/libdrivers__interrupt_controller.a(intc_exti_stm32.c.obj)
 .rodata.line_range_0.6
                0x00000000080059f3        0x2 zephyr/drivers/interrupt_controller/libdrivers__interrupt_controller.a(intc_exti_stm32.c.obj)
 .rodata.str1.1
                0x00000000080059f5       0x1e zephyr/drivers/interrupt_controller/libdrivers__interrupt_controller.a(intc_exti_stm32.c.obj)
 .rodata.str1.1
                0x0000000008005a13        0xd zephyr/drivers/clock_control/libdrivers__clock_control.a(clock_stm32_ll_common.c.obj)
 .rodata.str1.1
                0x0000000008005a20       0x7e zephyr/drivers/gpio/libdrivers__gpio.a(gpio_stm32.c.obj)
 .rodata.str1.1
                0x0000000008005a9e        0xd zephyr/drivers/i2c/libdrivers__i2c.a(i2c_ll_stm32.c.obj)
 .rodata.str1.1
                0x0000000008005aab       0x11 zephyr/drivers/reset/libdrivers__reset.a(reset_stm32.c.obj)
 .rodata.CSWTCH.2439
                0x0000000008005abc        0xf zephyr/drivers/sensor/st/lsm9ds1/libdrivers__sensor__st__lsm9ds1.a(lsm9ds1.c.obj)
 .rodata.str1.1
                0x0000000008005acb        0x8 zephyr/drivers/sensor/st/lsm9ds1/libdrivers__sensor__st__lsm9ds1.a(lsm9ds1.c.obj)
 .rodata.str1.1
                0x0000000008005acb       0x30 zephyr/drivers/serial/libdrivers__serial.a(uart_stm32.c.obj)
 .rodata.AHBPrescTable
                0x0000000008005afb       0x10 modules/stm32/stm32cube/lib..__modules__hal__stm32__stm32cube.a(system_stm32l4xx.c.obj)
                0x0000000008005afb                AHBPrescTable
 .rodata.z_cstart.str1.1
                0x0000000008005b0b        0x5 zephyr/kernel/libkernel.a(init.c.obj)
 .rodata.boot_banner.str1.1
                0x0000000008005b10       0x3b zephyr/kernel/libkernel.a(banner.c.obj)
 .rodata.__l_vfprintf.str1.1
                0x0000000008005b4b        0xf /home/golden-devadhas/zephyr-sdk-0.16.5-1/arm-zephyr-eabi/bin/../lib/gcc/../../picolibc/arm-zephyr-eabi/lib/thumb/v7e-m/nofp/libc.a(libc_tinystdio_vflprintf.c.o)
 *(SORT_BY_ALIGNMENT(.gnu.linkonce.r.*))
                0x0000000008005b5c                . = ALIGN (0x4)
 *fill*         0x0000000008005b5a        0x2 
                0x0000000008005b5c                __rodata_region_end = .
                0x0000000008005b60                . = ALIGN (_region_min_align)
                0x0000000008008000                . = ALIGN ((0x1 << LOG2CEIL ((__rodata_region_end - ADDR (rom_start)))))
                0x0000000008008000                __rom_region_end = ((__rom_region_start + .) - ADDR (rom_start))

/DISCARD/
 *(SORT_BY_ALIGNMENT(.got.plt))
 *(SORT_BY_ALIGNMENT(.igot.plt))
 *(SORT_BY_ALIGNMENT(.got))
 *(SORT_BY_ALIGNMENT(.igot))
                0x0000000020000000                . = 0x20000000
                0x0000000020000000                . = ALIGN (_region_min_align)
                0x0000000020000000                _image_ram_start = .

.ramfunc        0x0000000020000000        0x0 load address 0x0000000008005b5c
                0x0000000020000000                . = ALIGN (_region_min_align)
                0x0000000020000000                . = ALIGN ((0x1 << LOG2CEIL (__ramfunc_size)))
                0x0000000020000000                __ramfunc_start = .
 *(SORT_BY_ALIGNMENT(.ramfunc))
 *(SORT_BY_ALIGNMENT(.ramfunc.*))
                0x0000000020000000                . = ALIGN (_region_min_align)
                0x0000000020000000                . = ALIGN ((0x1 << LOG2CEIL (__ramfunc_size)))
                0x0000000020000000                __ramfunc_end = .
                0x0000000000000000                __ramfunc_size = (__ramfunc_end - __ramfunc_start)
                0x0000000008005b5c                __ramfunc_load_start = LOADADDR (.ramfunc)

datas           0x0000000020000000       0x98 load address 0x0000000008005b5c
                0x0000000020000000                __data_region_start = .
                0x0000000020000000                __data_start = .
 *(SORT_BY_ALIGNMENT(.data))
 *(SORT_BY_ALIGNMENT(.data.*))
 .data._char_out
                0x0000000020000000        0x4 zephyr/libzephyr.a(printk.c.obj)
                0x0000000020000000                _char_out
 .data.__stdout
                0x0000000020000004       0x10 zephyr/lib/libc/picolibc/liblib__libc__picolibc.a(libc-hooks.c.obj)
 .data.stm32_clock_control_api
                0x0000000020000014       0x1c zephyr/drivers/clock_control/libdrivers__clock_control.a(clock_stm32_ll_common.c.obj)
 .data.lsm9ds1_config_0
                0x0000000020000030       0x1c zephyr/drivers/sensor/st/lsm9ds1/libdrivers__sensor__st__lsm9ds1.a(lsm9ds1.c.obj)
 .data.uart_stm32_data_2
                0x000000002000004c        0x8 zephyr/drivers/serial/libdrivers__serial.a(uart_stm32.c.obj)
 .data.uart_cfg_2
                0x0000000020000054        0x8 zephyr/drivers/serial/libdrivers__serial.a(uart_stm32.c.obj)
 .data.uart_stm32_data_1
                0x000000002000005c        0x8 zephyr/drivers/serial/libdrivers__serial.a(uart_stm32.c.obj)
 .data.uart_cfg_1
                0x0000000020000064        0x8 zephyr/drivers/serial/libdrivers__serial.a(uart_stm32.c.obj)
 .data.uart_stm32_data_0
                0x000000002000006c        0x8 zephyr/drivers/serial/libdrivers__serial.a(uart_stm32.c.obj)
 .data.uart_cfg_0
                0x0000000020000074        0x8 zephyr/drivers/serial/libdrivers__serial.a(uart_stm32.c.obj)
 .data.SystemCoreClock
                0x000000002000007c        0x4 modules/stm32/stm32cube/lib..__modules__hal__stm32__stm32cube.a(system_stm32l4xx.c.obj)
                0x000000002000007c                SystemCoreClock
 .data.timeout_list
                0x0000000020000080        0x8 zephyr/kernel/libkernel.a(timeout.c.obj)
 .data.exti_irq_table
                0x0000000020000088       0x10 zephyr/drivers/interrupt_controller/libdrivers__interrupt_controller.a(intc_exti_stm32.c.obj)
 *(SORT_BY_ALIGNMENT(.kernel.*))
                0x0000000020000098                __data_end = .
                0x0000000000000098                __data_size = (__data_end - __data_start)
                0x0000000008005b5c                __data_load_start = LOADADDR (datas)
                0x0000000008005b5c                __data_region_load_start = LOADADDR (datas)

device_states   0x0000000020000098       0x22 load address 0x0000000008005bf4
                0x0000000020000098                __device_states_start = .
 *(SORT_BY_ALIGNMENT(.z_devstate))
 .z_devstate    0x0000000020000098        0x2 zephyr/drivers/interrupt_controller/libdrivers__interrupt_controller.a(intc_exti_stm32.c.obj)
 .z_devstate    0x000000002000009a        0x2 zephyr/drivers/clock_control/libdrivers__clock_control.a(clock_stm32_ll_common.c.obj)
 .z_devstate    0x000000002000009c       0x12 zephyr/drivers/gpio/libdrivers__gpio.a(gpio_stm32.c.obj)
 .z_devstate    0x00000000200000ae        0x2 zephyr/drivers/i2c/libdrivers__i2c.a(i2c_ll_stm32.c.obj)
 .z_devstate    0x00000000200000b0        0x2 zephyr/drivers/reset/libdrivers__reset.a(reset_stm32.c.obj)
 .z_devstate    0x00000000200000b2        0x2 zephyr/drivers/sensor/st/lsm9ds1/libdrivers__sensor__st__lsm9ds1.a(lsm9ds1.c.obj)
 .z_devstate    0x00000000200000b4        0x6 zephyr/drivers/serial/libdrivers__serial.a(uart_stm32.c.obj)
 *(SORT_BY_ALIGNMENT(.z_devstate.*))
                0x00000000200000ba                __device_states_end = .

log_mpsc_pbuf_area
                0x00000000200000ba        0x0 load address 0x0000000008005c16
                0x00000000200000ba                _log_mpsc_pbuf_list_start = .
 *(SORT_BY_NAME(SORT_BY_ALIGNMENT(._log_mpsc_pbuf.static.*)))
                0x00000000200000ba                _log_mpsc_pbuf_list_end = .

log_msg_ptr_area
                0x00000000200000ba        0x0 load address 0x0000000008005c16
                0x00000000200000ba                _log_msg_ptr_list_start = .
 *(SORT_BY_NAME(SORT_BY_ALIGNMENT(._log_msg_ptr.static.*)))
                0x00000000200000ba                _log_msg_ptr_list_end = .

log_dynamic_area
                0x00000000200000ba        0x0 load address 0x0000000008005c16
                0x00000000200000ba                _log_dynamic_list_start = .
 *(SORT_BY_NAME(SORT_BY_ALIGNMENT(._log_dynamic.static.*)))
                0x00000000200000ba                _log_dynamic_list_end = .

k_timer_area    0x00000000200000ba        0x0 load address 0x0000000008005c16
                0x00000000200000ba                _k_timer_list_start = .
 *(SORT_BY_NAME(SORT_BY_ALIGNMENT(._k_timer.static.*)))
                0x00000000200000ba                _k_timer_list_end = .

k_mem_slab_area
                0x00000000200000ba        0x0 load address 0x0000000008005c16
                0x00000000200000ba                _k_mem_slab_list_start = .
 *(SORT_BY_NAME(SORT_BY_ALIGNMENT(._k_mem_slab.static.*)))
                0x00000000200000ba                _k_mem_slab_list_end = .

k_heap_area     0x00000000200000ba        0x0 load address 0x0000000008005c16
                0x00000000200000ba                _k_heap_list_start = .
 *(SORT_BY_NAME(SORT_BY_ALIGNMENT(._k_heap.static.*)))
                0x00000000200000ba                _k_heap_list_end = .

k_mutex_area    0x00000000200000ba        0x0 load address 0x0000000008005c16
                0x00000000200000ba                _k_mutex_list_start = .
 *(SORT_BY_NAME(SORT_BY_ALIGNMENT(._k_mutex.static.*)))
                0x00000000200000ba                _k_mutex_list_end = .

k_stack_area    0x00000000200000ba        0x0 load address 0x0000000008005c16
                0x00000000200000ba                _k_stack_list_start = .
 *(SORT_BY_NAME(SORT_BY_ALIGNMENT(._k_stack.static.*)))
                0x00000000200000ba                _k_stack_list_end = .

k_msgq_area     0x00000000200000ba        0x0 load address 0x0000000008005c16
                0x00000000200000ba                _k_msgq_list_start = .
 *(SORT_BY_NAME(SORT_BY_ALIGNMENT(._k_msgq.static.*)))
                0x00000000200000ba                _k_msgq_list_end = .

k_mbox_area     0x00000000200000ba        0x0 load address 0x0000000008005c16
                0x00000000200000ba                _k_mbox_list_start = .
 *(SORT_BY_NAME(SORT_BY_ALIGNMENT(._k_mbox.static.*)))
                0x00000000200000ba                _k_mbox_list_end = .

k_pipe_area     0x00000000200000ba        0x0 load address 0x0000000008005c16
                0x00000000200000ba                _k_pipe_list_start = .
 *(SORT_BY_NAME(SORT_BY_ALIGNMENT(._k_pipe.static.*)))
                0x00000000200000ba                _k_pipe_list_end = .

k_sem_area      0x00000000200000ba        0x0 load address 0x0000000008005c16
                0x00000000200000ba                _k_sem_list_start = .
 *(SORT_BY_NAME(SORT_BY_ALIGNMENT(._k_sem.static.*)))
                0x00000000200000ba                _k_sem_list_end = .

k_event_area    0x00000000200000ba        0x0 load address 0x0000000008005c16
                0x00000000200000ba                _k_event_list_start = .
 *(SORT_BY_NAME(SORT_BY_ALIGNMENT(._k_event.static.*)))
                0x00000000200000ba                _k_event_list_end = .

k_queue_area    0x00000000200000ba        0x0 load address 0x0000000008005c16
                0x00000000200000ba                _k_queue_list_start = .
 *(SORT_BY_NAME(SORT_BY_ALIGNMENT(._k_queue.static.*)))
                0x00000000200000ba                _k_queue_list_end = .

k_fifo_area     0x00000000200000ba        0x0 load address 0x0000000008005c16
                0x00000000200000ba                _k_fifo_list_start = .
 *(SORT_BY_NAME(SORT_BY_ALIGNMENT(._k_fifo.static.*)))
                0x00000000200000ba                _k_fifo_list_end = .

k_lifo_area     0x00000000200000ba        0x0 load address 0x0000000008005c16
                0x00000000200000ba                _k_lifo_list_start = .
 *(SORT_BY_NAME(SORT_BY_ALIGNMENT(._k_lifo.static.*)))
                0x00000000200000ba                _k_lifo_list_end = .

k_condvar_area  0x00000000200000ba        0x0 load address 0x0000000008005c16
                0x00000000200000ba                _k_condvar_list_start = .
 *(SORT_BY_NAME(SORT_BY_ALIGNMENT(._k_condvar.static.*)))
                0x00000000200000ba                _k_condvar_list_end = .

sys_mem_blocks_ptr_area
                0x00000000200000ba        0x0 load address 0x0000000008005c16
                0x00000000200000ba                _sys_mem_blocks_ptr_list_start = .
 *(SORT_BY_NAME(SORT_BY_ALIGNMENT(._sys_mem_blocks_ptr.static.*)))
                0x00000000200000ba                _sys_mem_blocks_ptr_list_end = .

net_buf_pool_area
                0x00000000200000ba        0x0 load address 0x0000000008005c16
                0x00000000200000ba                _net_buf_pool_list_start = .
 *(SORT_BY_NAME(SORT_BY_ALIGNMENT(._net_buf_pool.static.*)))
                0x00000000200000ba                _net_buf_pool_list_end = .
                0x00000000200000ba                __data_region_end = .

bss             0x00000000200000c0      0x37b
                0x00000000200000c0                . = ALIGN (0x4)
                0x00000000200000c0                __bss_start = .
                0x00000000200000c0                __kernel_ram_start = .
 *(SORT_BY_ALIGNMENT(.bss))
 *(SORT_BY_ALIGNMENT(.bss.*))
 .bss.announced_cycles
                0x00000000200000c0        0x8 zephyr/drivers/timer/libdrivers__timer.a(cortex_m_systick.c.obj)
 .bss.cycle_count
                0x00000000200000c8        0x8 zephyr/drivers/timer/libdrivers__timer.a(cortex_m_systick.c.obj)
 .bss.z_idle_threads
                0x00000000200000d0       0x80 zephyr/kernel/libkernel.a(init.c.obj)
                0x00000000200000d0                z_idle_threads
 .bss.z_main_thread
                0x0000000020000150       0x80 zephyr/kernel/libkernel.a(init.c.obj)
                0x0000000020000150                z_main_thread
 .bss._thread_dummy
                0x00000000200001d0       0x80 zephyr/kernel/libkernel.a(sched.c.obj)
                0x00000000200001d0                _thread_dummy
 .bss.slice_timeouts
                0x0000000020000250       0x18 zephyr/kernel/libkernel.a(timeslicing.c.obj)
 .bss.curr_tick
                0x0000000020000268        0x8 zephyr/kernel/libkernel.a(timeout.c.obj)
 .bss.z_arm_tls_ptr
                0x0000000020000270        0x4 zephyr/arch/arch/arm/core/libarch__arm__core.a(tls.c.obj)
                0x0000000020000270                z_arm_tls_ptr
 .bss.dynamic_regions.0
                0x0000000020000274        0xc zephyr/arch/arch/arm/core/mpu/libarch__arm__core__mpu.a(arm_core_mpu.c.obj)
 .bss._stdout_hook
                0x0000000020000280        0x4 zephyr/lib/libc/picolibc/liblib__libc__picolibc.a(libc-hooks.c.obj)
 .bss.z_malloc_heap
                0x0000000020000284        0xc zephyr/lib/libc/common/liblib__libc__common.a(malloc.c.obj)
 .bss.exti_data
                0x0000000020000290       0x80 zephyr/drivers/interrupt_controller/libdrivers__interrupt_controller.a(intc_exti_stm32.c.obj)
 .bss.gpio_stm32_data_i
                0x0000000020000310       0x10 zephyr/drivers/gpio/libdrivers__gpio.a(gpio_stm32.c.obj)
 .bss.gpio_stm32_data_h
                0x0000000020000320       0x10 zephyr/drivers/gpio/libdrivers__gpio.a(gpio_stm32.c.obj)
 .bss.gpio_stm32_data_g
                0x0000000020000330       0x10 zephyr/drivers/gpio/libdrivers__gpio.a(gpio_stm32.c.obj)
 .bss.gpio_stm32_data_f
                0x0000000020000340       0x10 zephyr/drivers/gpio/libdrivers__gpio.a(gpio_stm32.c.obj)
 .bss.gpio_stm32_data_e
                0x0000000020000350       0x10 zephyr/drivers/gpio/libdrivers__gpio.a(gpio_stm32.c.obj)
 .bss.gpio_stm32_data_d
                0x0000000020000360       0x10 zephyr/drivers/gpio/libdrivers__gpio.a(gpio_stm32.c.obj)
 .bss.gpio_stm32_data_c
                0x0000000020000370       0x10 zephyr/drivers/gpio/libdrivers__gpio.a(gpio_stm32.c.obj)
 .bss.gpio_stm32_data_b
                0x0000000020000380       0x10 zephyr/drivers/gpio/libdrivers__gpio.a(gpio_stm32.c.obj)
 .bss.gpio_stm32_data_a
                0x0000000020000390       0x10 zephyr/drivers/gpio/libdrivers__gpio.a(gpio_stm32.c.obj)
 .bss.i2c_stm32_dev_data_0
                0x00000000200003a0       0x44 zephyr/drivers/i2c/libdrivers__i2c.a(i2c_ll_stm32.c.obj)
 .bss.lsm9ds1_data_0
                0x00000000200003e4       0x1c zephyr/drivers/sensor/st/lsm9ds1/libdrivers__sensor__st__lsm9ds1.a(lsm9ds1.c.obj)
 .bss.overflow_cyc
                0x0000000020000400        0x4 zephyr/drivers/timer/libdrivers__timer.a(cortex_m_systick.c.obj)
 .bss.last_load
                0x0000000020000404        0x4 zephyr/drivers/timer/libdrivers__timer.a(cortex_m_systick.c.obj)
 .bss._kernel   0x0000000020000408       0x20 zephyr/kernel/libkernel.a(init.c.obj)
                0x0000000020000408                _kernel
 .bss.pending_current
                0x0000000020000428        0x4 zephyr/kernel/libkernel.a(timeslicing.c.obj)
                0x0000000020000428                pending_current
 .bss.slice_max_prio
                0x000000002000042c        0x4 zephyr/kernel/libkernel.a(timeslicing.c.obj)
 .bss.slice_ticks
                0x0000000020000430        0x4 zephyr/kernel/libkernel.a(timeslicing.c.obj)
 .bss.announce_remaining
                0x0000000020000434        0x4 zephyr/kernel/libkernel.a(timeout.c.obj)
 .bss.static_regions_num
                0x0000000020000438        0x1 zephyr/arch/arch/arm/core/mpu/libarch__arm__core__mpu.a(arm_mpu.c.obj)
 .bss.z_sys_post_kernel
                0x0000000020000439        0x1 zephyr/kernel/libkernel.a(init.c.obj)
                0x0000000020000439                z_sys_post_kernel
 .bss.lock      0x000000002000043a        0x0 zephyr/kernel/libkernel.a(sem.c.obj)
 .bss._sched_spinlock
                0x000000002000043a        0x0 zephyr/kernel/libkernel.a(sched.c.obj)
                0x000000002000043a                _sched_spinlock
 .bss.slice_expired
                0x000000002000043a        0x1 zephyr/kernel/libkernel.a(timeslicing.c.obj)
 *(SORT_BY_ALIGNMENT(COMMON))
 *(SORT_BY_ALIGNMENT(.kernel_bss.*))
                0x000000002000043c                __bss_end = ALIGN (0x4)

noinit          0x0000000020000440      0xe00
 *(SORT_BY_ALIGNMENT(.noinit))
 *(SORT_BY_ALIGNMENT(.noinit.*))
 .noinit."WEST_TOPDIR/zephyr/kernel/init.c".2
                0x0000000020000440      0x840 zephyr/kernel/libkernel.a(init.c.obj)
                0x0000000020000440                z_interrupt_stacks
 .noinit."WEST_TOPDIR/zephyr/kernel/init.c".1
                0x0000000020000c80      0x180 zephyr/kernel/libkernel.a(init.c.obj)
 .noinit."WEST_TOPDIR/zephyr/kernel/init.c".0
                0x0000000020000e00      0x440 zephyr/kernel/libkernel.a(init.c.obj)
                0x0000000020000e00                z_main_stack
 *(SORT_BY_ALIGNMENT(.kernel_noinit.*))
                0x0000000020050000                __kernel_ram_end = 0x20050000
                0x000000000004ff40                __kernel_ram_size = (__kernel_ram_end - __kernel_ram_start)

.intList        0x00000000ffff8000       0x98
 *(SORT_BY_ALIGNMENT(.irq_info*))
 .irq_info      0x00000000ffff8000        0x8 zephyr/arch/common/libisr_tables.a(isr_tables.c.obj)
                0x00000000ffff8000                _iheader
 *(SORT_BY_ALIGNMENT(.intList*))
 .intList       0x00000000ffff8008       0x70 zephyr/drivers/interrupt_controller/libdrivers__interrupt_controller.a(intc_exti_stm32.c.obj)
 .intList       0x00000000ffff8078       0x20 zephyr/drivers/i2c/libdrivers__i2c.a(i2c_ll_stm32.c.obj)

.last_ram_section
                0x0000000020001240        0x0
                0x0000000020001240                _image_ram_end = .
                0x0000000000001240                _image_ram_size = (_image_ram_end - _image_ram_start)
                0x0000000020001240                _end = .
                0x0000000020001240                z_mapped_end = .

.stab
 *(SORT_BY_ALIGNMENT(.stab))

.stabstr
 *(SORT_BY_ALIGNMENT(.stabstr))

.stab.excl
 *(SORT_BY_ALIGNMENT(.stab.excl))

.stab.exclstr
 *(SORT_BY_ALIGNMENT(.stab.exclstr))

.stab.index
 *(SORT_BY_ALIGNMENT(.stab.index))

.stab.indexstr
 *(SORT_BY_ALIGNMENT(.stab.indexstr))

.gnu.build.attributes
 *(SORT_BY_ALIGNMENT(.gnu.build.attributes) SORT_BY_ALIGNMENT(.gnu.build.attributes.*))

.comment        0x0000000000000000       0x22
 *(SORT_BY_ALIGNMENT(.comment))
 .comment       0x0000000000000000       0x22 zephyr/CMakeFiles/offsets.dir/./arch/arm/core/offsets/offsets.c.obj
                                         0x23 (size before relaxing)
 .comment       0x0000000000000022       0x23 app/libapp.a(main.c.obj)
 .comment       0x0000000000000022       0x23 zephyr/libzephyr.a(heap.c.obj)
 .comment       0x0000000000000022       0x23 zephyr/libzephyr.a(printk.c.obj)
 .comment       0x0000000000000022       0x23 zephyr/libzephyr.a(thread_entry.c.obj)
 .comment       0x0000000000000022       0x23 zephyr/libzephyr.a(configs.c.obj)
 .comment       0x0000000000000022       0x23 zephyr/libzephyr.a(soc_config.c.obj)
 .comment       0x0000000000000022       0x23 zephyr/libzephyr.a(soc.c.obj)
 .comment       0x0000000000000022       0x23 zephyr/libzephyr.a(mem_attr.c.obj)
 .comment       0x0000000000000022       0x23 zephyr/libzephyr.a(lsm9ds1_reg.c.obj)
 .comment       0x0000000000000022       0x23 zephyr/arch/arch/arm/core/libarch__arm__core.a(fatal.c.obj)
 .comment       0x0000000000000022       0x23 zephyr/arch/arch/arm/core/libarch__arm__core.a(nmi.c.obj)
 .comment       0x0000000000000022       0x23 zephyr/arch/arch/arm/core/libarch__arm__core.a(tls.c.obj)
 .comment       0x0000000000000022       0x23 zephyr/arch/arch/arm/core/cortex_m/libarch__arm__core__cortex_m.a(exc_exit.c.obj)